# $ sudo journalctl -u vip-sync --no-pager -n 1000
# 2026-04-24T11:57:43+00:00

Apr 24 10:14:53 master systemd[1]: Started vip-sync.service - VIP sync (Kubernetes LoadBalancer IPs -> lo).
Apr 24 10:14:54 master vip-sync.sh[103513]: awk: warning: escape sequence `\.' treated as plain `.'
Apr 24 10:14:54 master vip-sync[103517]: added 192.168.100.0/32 to lo
Apr 24 10:14:54 master vip-sync[103520]: added 192.168.100.1/32 to lo
Apr 24 10:14:54 master vip-sync[103523]: added 192.168.100.2/32 to lo
Apr 24 10:14:54 master vip-sync[103526]: added 192.168.100.3/32 to lo
Apr 24 10:15:24 master vip-sync.sh[103817]: awk: warning: escape sequence `\.' treated as plain `.'
Apr 24 10:15:54 master vip-sync.sh[104218]: awk: warning: escape sequence `\.' treated as plain `.'
Apr 24 10:16:24 master vip-sync.sh[104355]: awk: warning: escape sequence `\.' treated as plain `.'
Apr 24 10:16:54 master vip-sync.sh[104479]: awk: warning: escape sequence `\.' treated as plain `.'
Apr 24 10:17:24 master vip-sync.sh[104508]: awk: warning: escape sequence `\.' treated as plain `.'
Apr 24 10:17:54 master vip-sync.sh[104530]: awk: warning: escape sequence `\.' treated as plain `.'
Apr 24 10:18:24 master vip-sync.sh[104556]: awk: warning: escape sequence `\.' treated as plain `.'
Apr 24 10:18:54 master vip-sync.sh[104579]: awk: warning: escape sequence `\.' treated as plain `.'
Apr 24 10:19:24 master vip-sync.sh[104603]: awk: warning: escape sequence `\.' treated as plain `.'
Apr 24 10:19:54 master vip-sync.sh[104625]: awk: warning: escape sequence `\.' treated as plain `.'
Apr 24 10:20:24 master vip-sync.sh[104656]: awk: warning: escape sequence `\.' treated as plain `.'
Apr 24 10:20:54 master vip-sync.sh[104694]: awk: warning: escape sequence `\.' treated as plain `.'
Apr 24 10:21:24 master vip-sync.sh[104888]: awk: warning: escape sequence `\.' treated as plain `.'
Apr 24 10:21:55 master vip-sync.sh[104911]: awk: warning: escape sequence `\.' treated as plain `.'
Apr 24 10:22:25 master vip-sync.sh[104937]: awk: warning: escape sequence `\.' treated as plain `.'
Apr 24 10:22:55 master vip-sync.sh[104959]: awk: warning: escape sequence `\.' treated as plain `.'
Apr 24 10:23:25 master vip-sync.sh[104985]: awk: warning: escape sequence `\.' treated as plain `.'
Apr 24 10:23:55 master vip-sync.sh[105008]: awk: warning: escape sequence `\.' treated as plain `.'
Apr 24 10:24:25 master vip-sync.sh[105032]: awk: warning: escape sequence `\.' treated as plain `.'
Apr 24 10:24:55 master vip-sync.sh[105055]: awk: warning: escape sequence `\.' treated as plain `.'
Apr 24 10:25:25 master vip-sync.sh[105082]: awk: warning: escape sequence `\.' treated as plain `.'
Apr 24 10:25:55 master vip-sync.sh[105109]: awk: warning: escape sequence `\.' treated as plain `.'
Apr 24 10:26:25 master vip-sync.sh[105231]: awk: warning: escape sequence `\.' treated as plain `.'
Apr 24 10:26:55 master vip-sync.sh[105269]: awk: warning: escape sequence `\.' treated as plain `.'
Apr 24 10:27:25 master vip-sync.sh[105312]: awk: warning: escape sequence `\.' treated as plain `.'
Apr 24 10:27:55 master vip-sync.sh[105350]: awk: warning: escape sequence `\.' treated as plain `.'
Apr 24 10:28:25 master vip-sync.sh[105519]: awk: warning: escape sequence `\.' treated as plain `.'
Apr 24 10:28:56 master vip-sync.sh[105632]: awk: warning: escape sequence `\.' treated as plain `.'
Apr 24 10:29:26 master vip-sync.sh[105656]: awk: warning: escape sequence `\.' treated as plain `.'
Apr 24 10:29:56 master vip-sync.sh[105678]: awk: warning: escape sequence `\.' treated as plain `.'
Apr 24 10:30:26 master vip-sync.sh[105706]: awk: warning: escape sequence `\.' treated as plain `.'
Apr 24 10:30:56 master vip-sync.sh[105728]: awk: warning: escape sequence `\.' treated as plain `.'
Apr 24 10:31:26 master vip-sync.sh[105752]: awk: warning: escape sequence `\.' treated as plain `.'
Apr 24 10:31:56 master vip-sync.sh[105775]: awk: warning: escape sequence `\.' treated as plain `.'
Apr 24 10:32:26 master vip-sync.sh[105801]: awk: warning: escape sequence `\.' treated as plain `.'
Apr 24 10:32:56 master vip-sync.sh[105823]: awk: warning: escape sequence `\.' treated as plain `.'
Apr 24 10:33:26 master vip-sync.sh[105848]: awk: warning: escape sequence `\.' treated as plain `.'
Apr 24 10:33:56 master vip-sync.sh[105871]: awk: warning: escape sequence `\.' treated as plain `.'
Apr 24 10:34:26 master vip-sync.sh[105895]: awk: warning: escape sequence `\.' treated as plain `.'
Apr 24 10:34:57 master vip-sync.sh[105917]: awk: warning: escape sequence `\.' treated as plain `.'
Apr 24 10:35:27 master vip-sync.sh[105944]: awk: warning: escape sequence `\.' treated as plain `.'
Apr 24 10:35:57 master vip-sync.sh[105968]: awk: warning: escape sequence `\.' treated as plain `.'
Apr 24 10:36:27 master vip-sync.sh[107841]: awk: warning: escape sequence `\.' treated as plain `.'
Apr 24 10:36:57 master vip-sync.sh[107864]: awk: warning: escape sequence `\.' treated as plain `.'
Apr 24 10:37:27 master vip-sync.sh[107890]: awk: warning: escape sequence `\.' treated as plain `.'
Apr 24 10:37:57 master vip-sync.sh[107912]: awk: warning: escape sequence `\.' treated as plain `.'
Apr 24 10:38:27 master vip-sync.sh[107936]: awk: warning: escape sequence `\.' treated as plain `.'
Apr 24 10:38:57 master vip-sync.sh[107959]: awk: warning: escape sequence `\.' treated as plain `.'
Apr 24 10:39:27 master vip-sync.sh[107983]: awk: warning: escape sequence `\.' treated as plain `.'
Apr 24 10:39:57 master vip-sync.sh[108005]: awk: warning: escape sequence `\.' treated as plain `.'
Apr 24 10:40:27 master vip-sync.sh[108033]: awk: warning: escape sequence `\.' treated as plain `.'
Apr 24 10:40:57 master vip-sync.sh[108055]: awk: warning: escape sequence `\.' treated as plain `.'
Apr 24 10:41:27 master vip-sync.sh[108079]: awk: warning: escape sequence `\.' treated as plain `.'
Apr 24 10:41:57 master vip-sync.sh[108101]: awk: warning: escape sequence `\.' treated as plain `.'
Apr 24 10:42:28 master vip-sync.sh[108126]: awk: warning: escape sequence `\.' treated as plain `.'
Apr 24 10:42:58 master vip-sync.sh[108148]: awk: warning: escape sequence `\.' treated as plain `.'
Apr 24 10:43:28 master vip-sync.sh[108173]: awk: warning: escape sequence `\.' treated as plain `.'
Apr 24 10:43:58 master vip-sync.sh[108195]: awk: warning: escape sequence `\.' treated as plain `.'
Apr 24 10:44:28 master vip-sync.sh[108220]: awk: warning: escape sequence `\.' treated as plain `.'
Apr 24 10:44:58 master vip-sync.sh[108250]: awk: warning: escape sequence `\.' treated as plain `.'
Apr 24 10:45:28 master vip-sync.sh[108277]: awk: warning: escape sequence `\.' treated as plain `.'
Apr 24 10:45:58 master vip-sync.sh[108304]: awk: warning: escape sequence `\.' treated as plain `.'
Apr 24 10:46:28 master vip-sync.sh[108328]: awk: warning: escape sequence `\.' treated as plain `.'
Apr 24 10:46:58 master vip-sync.sh[108356]: awk: warning: escape sequence `\.' treated as plain `.'
Apr 24 10:47:28 master vip-sync.sh[108381]: awk: warning: escape sequence `\.' treated as plain `.'
Apr 24 10:47:58 master vip-sync.sh[109040]: awk: warning: escape sequence `\.' treated as plain `.'
Apr 24 10:48:28 master vip-sync.sh[110104]: awk: warning: escape sequence `\.' treated as plain `.'
Apr 24 10:48:59 master vip-sync.sh[110127]: awk: warning: escape sequence `\.' treated as plain `.'
Apr 24 10:49:29 master vip-sync.sh[110152]: awk: warning: escape sequence `\.' treated as plain `.'
Apr 24 10:49:59 master vip-sync.sh[110174]: awk: warning: escape sequence `\.' treated as plain `.'
Apr 24 10:50:29 master vip-sync.sh[110201]: awk: warning: escape sequence `\.' treated as plain `.'
Apr 24 10:50:59 master vip-sync.sh[110255]: awk: warning: escape sequence `\.' treated as plain `.'
Apr 24 10:51:29 master vip-sync.sh[110279]: awk: warning: escape sequence `\.' treated as plain `.'
Apr 24 10:51:59 master vip-sync.sh[110325]: awk: warning: escape sequence `\.' treated as plain `.'
Apr 24 10:52:29 master vip-sync.sh[110351]: awk: warning: escape sequence `\.' treated as plain `.'
Apr 24 10:52:59 master vip-sync.sh[110375]: awk: warning: escape sequence `\.' treated as plain `.'
Apr 24 10:53:29 master vip-sync.sh[110399]: awk: warning: escape sequence `\.' treated as plain `.'
Apr 24 10:53:59 master vip-sync.sh[110421]: awk: warning: escape sequence `\.' treated as plain `.'
Apr 24 10:54:29 master vip-sync.sh[110446]: awk: warning: escape sequence `\.' treated as plain `.'
Apr 24 10:54:59 master vip-sync.sh[110469]: awk: warning: escape sequence `\.' treated as plain `.'
Apr 24 10:55:29 master vip-sync.sh[110505]: awk: warning: escape sequence `\.' treated as plain `.'
Apr 24 10:56:00 master vip-sync.sh[112200]: awk: warning: escape sequence `\.' treated as plain `.'
Apr 24 10:56:30 master vip-sync.sh[113131]: awk: warning: escape sequence `\.' treated as plain `.'
Apr 24 10:57:00 master vip-sync.sh[113154]: awk: warning: escape sequence `\.' treated as plain `.'
Apr 24 10:57:30 master vip-sync.sh[113180]: awk: warning: escape sequence `\.' treated as plain `.'
Apr 24 10:58:00 master vip-sync.sh[113202]: awk: warning: escape sequence `\.' treated as plain `.'
Apr 24 10:58:30 master vip-sync.sh[113226]: awk: warning: escape sequence `\.' treated as plain `.'
Apr 24 10:59:00 master vip-sync.sh[113249]: awk: warning: escape sequence `\.' treated as plain `.'
Apr 24 10:59:30 master vip-sync.sh[113273]: awk: warning: escape sequence `\.' treated as plain `.'
Apr 24 11:00:00 master vip-sync.sh[113295]: awk: warning: escape sequence `\.' treated as plain `.'
Apr 24 11:00:30 master vip-sync.sh[113322]: awk: warning: escape sequence `\.' treated as plain `.'
Apr 24 11:01:00 master vip-sync.sh[113344]: awk: warning: escape sequence `\.' treated as plain `.'
Apr 24 11:01:30 master vip-sync.sh[113371]: awk: warning: escape sequence `\.' treated as plain `.'
Apr 24 11:02:00 master vip-sync.sh[113393]: awk: warning: escape sequence `\.' treated as plain `.'
Apr 24 11:02:31 master vip-sync.sh[113418]: awk: warning: escape sequence `\.' treated as plain `.'
Apr 24 11:03:01 master vip-sync.sh[113626]: awk: warning: escape sequence `\.' treated as plain `.'
Apr 24 11:03:31 master vip-sync.sh[113651]: awk: warning: escape sequence `\.' treated as plain `.'
Apr 24 11:04:01 master vip-sync.sh[113674]: awk: warning: escape sequence `\.' treated as plain `.'
Apr 24 11:04:31 master vip-sync.sh[113707]: awk: warning: escape sequence `\.' treated as plain `.'
Apr 24 11:05:01 master vip-sync.sh[115257]: awk: warning: escape sequence `\.' treated as plain `.'
Apr 24 11:05:31 master vip-sync.sh[115299]: awk: warning: escape sequence `\.' treated as plain `.'
Apr 24 11:06:01 master vip-sync.sh[116053]: awk: warning: escape sequence `\.' treated as plain `.'
Apr 24 11:06:31 master vip-sync.sh[116247]: awk: warning: escape sequence `\.' treated as plain `.'
Apr 24 11:07:01 master vip-sync.sh[116269]: awk: warning: escape sequence `\.' treated as plain `.'
Apr 24 11:07:31 master vip-sync.sh[116295]: awk: warning: escape sequence `\.' treated as plain `.'
Apr 24 11:08:01 master vip-sync.sh[116318]: awk: warning: escape sequence `\.' treated as plain `.'
Apr 24 11:08:31 master vip-sync.sh[116342]: awk: warning: escape sequence `\.' treated as plain `.'
Apr 24 11:09:01 master vip-sync.sh[116364]: awk: warning: escape sequence `\.' treated as plain `.'
Apr 24 11:09:32 master vip-sync.sh[116493]: awk: warning: escape sequence `\.' treated as plain `.'
Apr 24 11:10:02 master vip-sync.sh[116612]: awk: warning: escape sequence `\.' treated as plain `.'
Apr 24 11:10:32 master vip-sync.sh[117821]: awk: warning: escape sequence `\.' treated as plain `.'
Apr 24 11:11:02 master vip-sync.sh[118228]: awk: warning: escape sequence `\.' treated as plain `.'
Apr 24 11:11:32 master vip-sync.sh[118252]: awk: warning: escape sequence `\.' treated as plain `.'
Apr 24 11:12:02 master vip-sync.sh[118274]: awk: warning: escape sequence `\.' treated as plain `.'
Apr 24 11:12:32 master vip-sync.sh[118301]: awk: warning: escape sequence `\.' treated as plain `.'
Apr 24 11:13:02 master vip-sync.sh[118329]: awk: warning: escape sequence `\.' treated as plain `.'
Apr 24 11:13:32 master vip-sync.sh[118354]: awk: warning: escape sequence `\.' treated as plain `.'
Apr 24 11:14:02 master vip-sync.sh[118377]: awk: warning: escape sequence `\.' treated as plain `.'
Apr 24 11:14:32 master vip-sync.sh[118401]: awk: warning: escape sequence `\.' treated as plain `.'
Apr 24 11:15:02 master vip-sync.sh[118426]: awk: warning: escape sequence `\.' treated as plain `.'
Apr 24 11:15:32 master vip-sync.sh[118450]: awk: warning: escape sequence `\.' treated as plain `.'
Apr 24 11:16:02 master vip-sync.sh[118473]: awk: warning: escape sequence `\.' treated as plain `.'
Apr 24 11:16:33 master vip-sync.sh[118499]: awk: warning: escape sequence `\.' treated as plain `.'
Apr 24 11:17:03 master vip-sync.sh[118525]: awk: warning: escape sequence `\.' treated as plain `.'
Apr 24 11:17:33 master vip-sync.sh[118551]: awk: warning: escape sequence `\.' treated as plain `.'
Apr 24 11:18:03 master vip-sync.sh[118573]: awk: warning: escape sequence `\.' treated as plain `.'
Apr 24 11:18:33 master vip-sync.sh[118598]: awk: warning: escape sequence `\.' treated as plain `.'
Apr 24 11:19:03 master vip-sync.sh[118621]: awk: warning: escape sequence `\.' treated as plain `.'
Apr 24 11:19:33 master vip-sync.sh[118645]: awk: warning: escape sequence `\.' treated as plain `.'
Apr 24 11:20:03 master vip-sync.sh[118667]: awk: warning: escape sequence `\.' treated as plain `.'
Apr 24 11:20:33 master vip-sync.sh[118695]: awk: warning: escape sequence `\.' treated as plain `.'
Apr 24 11:21:03 master vip-sync.sh[118717]: awk: warning: escape sequence `\.' treated as plain `.'
Apr 24 11:21:33 master vip-sync.sh[118741]: awk: warning: escape sequence `\.' treated as plain `.'
Apr 24 11:22:03 master vip-sync.sh[118765]: awk: warning: escape sequence `\.' treated as plain `.'
Apr 24 11:22:34 master vip-sync.sh[118791]: awk: warning: escape sequence `\.' treated as plain `.'
Apr 24 11:23:04 master vip-sync.sh[118815]: awk: warning: escape sequence `\.' treated as plain `.'
Apr 24 11:23:34 master vip-sync.sh[118839]: awk: warning: escape sequence `\.' treated as plain `.'
Apr 24 11:24:04 master vip-sync.sh[118862]: awk: warning: escape sequence `\.' treated as plain `.'
Apr 24 11:24:34 master vip-sync.sh[118886]: awk: warning: escape sequence `\.' treated as plain `.'
Apr 24 11:25:04 master vip-sync.sh[118911]: awk: warning: escape sequence `\.' treated as plain `.'
Apr 24 11:25:34 master vip-sync.sh[118937]: awk: warning: escape sequence `\.' treated as plain `.'
Apr 24 11:26:04 master vip-sync.sh[118959]: awk: warning: escape sequence `\.' treated as plain `.'
Apr 24 11:26:34 master vip-sync.sh[118984]: awk: warning: escape sequence `\.' treated as plain `.'
Apr 24 11:27:04 master vip-sync.sh[119007]: awk: warning: escape sequence `\.' treated as plain `.'
Apr 24 11:27:34 master vip-sync.sh[119032]: awk: warning: escape sequence `\.' treated as plain `.'
Apr 24 11:28:04 master vip-sync.sh[119055]: awk: warning: escape sequence `\.' treated as plain `.'
Apr 24 11:28:34 master vip-sync.sh[119079]: awk: warning: escape sequence `\.' treated as plain `.'
Apr 24 11:29:04 master vip-sync.sh[119102]: awk: warning: escape sequence `\.' treated as plain `.'
Apr 24 11:29:35 master vip-sync.sh[119126]: awk: warning: escape sequence `\.' treated as plain `.'
Apr 24 11:30:05 master vip-sync.sh[119148]: awk: warning: escape sequence `\.' treated as plain `.'
Apr 24 11:30:35 master vip-sync.sh[119175]: awk: warning: escape sequence `\.' treated as plain `.'
Apr 24 11:31:05 master vip-sync.sh[119197]: awk: warning: escape sequence `\.' treated as plain `.'
Apr 24 11:31:35 master vip-sync.sh[119227]: awk: warning: escape sequence `\.' treated as plain `.'
Apr 24 11:32:05 master vip-sync.sh[119255]: awk: warning: escape sequence `\.' treated as plain `.'
Apr 24 11:32:35 master vip-sync.sh[119281]: awk: warning: escape sequence `\.' treated as plain `.'
Apr 24 11:33:05 master vip-sync.sh[119304]: awk: warning: escape sequence `\.' treated as plain `.'
Apr 24 11:33:35 master vip-sync.sh[119329]: awk: warning: escape sequence `\.' treated as plain `.'
Apr 24 11:34:05 master vip-sync.sh[119351]: awk: warning: escape sequence `\.' treated as plain `.'
Apr 24 11:34:35 master vip-sync.sh[119375]: awk: warning: escape sequence `\.' treated as plain `.'
Apr 24 11:35:05 master vip-sync.sh[119400]: awk: warning: escape sequence `\.' treated as plain `.'
Apr 24 11:35:35 master vip-sync.sh[119424]: awk: warning: escape sequence `\.' treated as plain `.'
Apr 24 11:36:05 master vip-sync.sh[119447]: awk: warning: escape sequence `\.' treated as plain `.'
Apr 24 11:36:35 master vip-sync.sh[119646]: awk: warning: escape sequence `\.' treated as plain `.'
Apr 24 11:37:06 master vip-sync.sh[119668]: awk: warning: escape sequence `\.' treated as plain `.'
Apr 24 11:37:36 master vip-sync.sh[119693]: awk: warning: escape sequence `\.' treated as plain `.'
Apr 24 11:38:06 master vip-sync.sh[119715]: awk: warning: escape sequence `\.' treated as plain `.'
Apr 24 11:38:36 master vip-sync.sh[119739]: awk: warning: escape sequence `\.' treated as plain `.'
Apr 24 11:39:06 master vip-sync.sh[119762]: awk: warning: escape sequence `\.' treated as plain `.'
Apr 24 11:39:36 master vip-sync.sh[119786]: awk: warning: escape sequence `\.' treated as plain `.'
Apr 24 11:40:06 master vip-sync.sh[119808]: awk: warning: escape sequence `\.' treated as plain `.'
Apr 24 11:40:36 master vip-sync.sh[119835]: awk: warning: escape sequence `\.' treated as plain `.'
Apr 24 11:41:06 master vip-sync.sh[119860]: awk: warning: escape sequence `\.' treated as plain `.'
Apr 24 11:41:36 master vip-sync.sh[119923]: awk: warning: escape sequence `\.' treated as plain `.'
Apr 24 11:42:06 master vip-sync.sh[119950]: awk: warning: escape sequence `\.' treated as plain `.'
Apr 24 11:42:36 master vip-sync.sh[119981]: awk: warning: escape sequence `\.' treated as plain `.'
Apr 24 11:43:06 master vip-sync.sh[120012]: awk: warning: escape sequence `\.' treated as plain `.'
Apr 24 11:43:37 master vip-sync.sh[120034]: awk: warning: escape sequence `\.' treated as plain `.'
Apr 24 11:44:07 master vip-sync.sh[120066]: awk: warning: escape sequence `\.' treated as plain `.'
Apr 24 11:44:37 master vip-sync.sh[120090]: awk: warning: escape sequence `\.' treated as plain `.'
Apr 24 11:45:07 master vip-sync.sh[120117]: awk: warning: escape sequence `\.' treated as plain `.'
Apr 24 11:45:37 master vip-sync.sh[120140]: awk: warning: escape sequence `\.' treated as plain `.'
Apr 24 11:46:07 master vip-sync.sh[120164]: awk: warning: escape sequence `\.' treated as plain `.'
Apr 24 11:46:37 master vip-sync.sh[120186]: awk: warning: escape sequence `\.' treated as plain `.'
Apr 24 11:47:07 master vip-sync.sh[120211]: awk: warning: escape sequence `\.' treated as plain `.'
Apr 24 11:47:37 master vip-sync.sh[120234]: awk: warning: escape sequence `\.' treated as plain `.'
Apr 24 11:48:07 master vip-sync.sh[120258]: awk: warning: escape sequence `\.' treated as plain `.'
Apr 24 11:48:37 master vip-sync.sh[120282]: awk: warning: escape sequence `\.' treated as plain `.'
Apr 24 11:49:07 master vip-sync.sh[120350]: awk: warning: escape sequence `\.' treated as plain `.'
Apr 24 11:49:37 master vip-sync.sh[120372]: awk: warning: escape sequence `\.' treated as plain `.'
Apr 24 11:50:08 master vip-sync.sh[120396]: awk: warning: escape sequence `\.' treated as plain `.'
Apr 24 11:50:38 master vip-sync.sh[120423]: awk: warning: escape sequence `\.' treated as plain `.'
Apr 24 11:51:08 master vip-sync.sh[120447]: awk: warning: escape sequence `\.' treated as plain `.'
Apr 24 11:51:38 master vip-sync.sh[120469]: awk: warning: escape sequence `\.' treated as plain `.'
Apr 24 11:52:08 master vip-sync.sh[120493]: awk: warning: escape sequence `\.' treated as plain `.'
Apr 24 11:52:38 master vip-sync.sh[120516]: awk: warning: escape sequence `\.' treated as plain `.'
Apr 24 11:53:08 master vip-sync.sh[120542]: awk: warning: escape sequence `\.' treated as plain `.'
Apr 24 11:53:38 master vip-sync.sh[120565]: awk: warning: escape sequence `\.' treated as plain `.'
Apr 24 11:54:08 master vip-sync.sh[120590]: awk: warning: escape sequence `\.' treated as plain `.'
Apr 24 11:54:38 master vip-sync.sh[120612]: awk: warning: escape sequence `\.' treated as plain `.'
Apr 24 11:55:08 master vip-sync.sh[120639]: awk: warning: escape sequence `\.' treated as plain `.'
Apr 24 11:55:38 master vip-sync.sh[120661]: awk: warning: escape sequence `\.' treated as plain `.'
Apr 24 11:56:08 master vip-sync.sh[120685]: awk: warning: escape sequence `\.' treated as plain `.'
Apr 24 11:56:38 master vip-sync.sh[121241]: awk: warning: escape sequence `\.' treated as plain `.'
Apr 24 11:57:08 master vip-sync.sh[121266]: awk: warning: escape sequence `\.' treated as plain `.'
Apr 24 11:57:38 master vip-sync.sh[121292]: awk: warning: escape sequence `\.' treated as plain `.'
