# $ sudo journalctl -u vip-sync --no-pager -n 1000
# 2026-04-24T11:05:39+00:00

Apr 24 10:14:57 worker-3 systemd[1]: Started vip-sync.service - VIP sync (Kubernetes LoadBalancer IPs -> lo).
Apr 24 10:14:57 worker-3 vip-sync.sh[65407]: awk: warning: escape sequence `\.' treated as plain `.'
Apr 24 10:14:57 worker-3 vip-sync[65414]: added 192.168.100.1/32 to lo
Apr 24 10:14:57 worker-3 vip-sync[65420]: added 192.168.100.3/32 to lo
Apr 24 10:15:27 worker-3 vip-sync.sh[65678]: awk: warning: escape sequence `\.' treated as plain `.'
Apr 24 10:15:57 worker-3 vip-sync.sh[66012]: awk: warning: escape sequence `\.' treated as plain `.'
Apr 24 10:16:27 worker-3 vip-sync.sh[66036]: awk: warning: escape sequence `\.' treated as plain `.'
Apr 24 10:16:57 worker-3 vip-sync.sh[66058]: awk: warning: escape sequence `\.' treated as plain `.'
Apr 24 10:17:27 worker-3 vip-sync.sh[66085]: awk: warning: escape sequence `\.' treated as plain `.'
Apr 24 10:17:57 worker-3 vip-sync.sh[66108]: awk: warning: escape sequence `\.' treated as plain `.'
Apr 24 10:18:27 worker-3 vip-sync.sh[66132]: awk: warning: escape sequence `\.' treated as plain `.'
Apr 24 10:18:57 worker-3 vip-sync.sh[66158]: awk: warning: escape sequence `\.' treated as plain `.'
Apr 24 10:19:27 worker-3 vip-sync.sh[66182]: awk: warning: escape sequence `\.' treated as plain `.'
Apr 24 10:19:57 worker-3 vip-sync.sh[66206]: awk: warning: escape sequence `\.' treated as plain `.'
Apr 24 10:20:28 worker-3 vip-sync.sh[66233]: awk: warning: escape sequence `\.' treated as plain `.'
Apr 24 10:20:58 worker-3 vip-sync.sh[66256]: awk: warning: escape sequence `\.' treated as plain `.'
Apr 24 10:21:28 worker-3 vip-sync.sh[66394]: awk: warning: escape sequence `\.' treated as plain `.'
Apr 24 10:21:58 worker-3 vip-sync.sh[66416]: awk: warning: escape sequence `\.' treated as plain `.'
Apr 24 10:22:28 worker-3 vip-sync.sh[66440]: awk: warning: escape sequence `\.' treated as plain `.'
Apr 24 10:22:58 worker-3 vip-sync.sh[66462]: awk: warning: escape sequence `\.' treated as plain `.'
Apr 24 10:23:28 worker-3 vip-sync.sh[66486]: awk: warning: escape sequence `\.' treated as plain `.'
Apr 24 10:23:58 worker-3 vip-sync.sh[66508]: awk: warning: escape sequence `\.' treated as plain `.'
Apr 24 10:24:28 worker-3 vip-sync.sh[66534]: awk: warning: escape sequence `\.' treated as plain `.'
Apr 24 10:24:58 worker-3 vip-sync.sh[66556]: awk: warning: escape sequence `\.' treated as plain `.'
Apr 24 10:25:28 worker-3 vip-sync.sh[66583]: awk: warning: escape sequence `\.' treated as plain `.'
Apr 24 10:25:59 worker-3 vip-sync.sh[66607]: awk: warning: escape sequence `\.' treated as plain `.'
Apr 24 10:26:29 worker-3 vip-sync.sh[66745]: awk: warning: escape sequence `\.' treated as plain `.'
Apr 24 10:26:59 worker-3 vip-sync.sh[66768]: awk: warning: escape sequence `\.' treated as plain `.'
Apr 24 10:27:29 worker-3 vip-sync.sh[66792]: awk: warning: escape sequence `\.' treated as plain `.'
Apr 24 10:27:59 worker-3 vip-sync.sh[66816]: awk: warning: escape sequence `\.' treated as plain `.'
Apr 24 10:28:29 worker-3 vip-sync.sh[66958]: awk: warning: escape sequence `\.' treated as plain `.'
Apr 24 10:28:59 worker-3 vip-sync.sh[67034]: awk: warning: escape sequence `\.' treated as plain `.'
Apr 24 10:29:29 worker-3 vip-sync.sh[67058]: awk: warning: escape sequence `\.' treated as plain `.'
Apr 24 10:29:59 worker-3 vip-sync.sh[67081]: awk: warning: escape sequence `\.' treated as plain `.'
Apr 24 10:30:29 worker-3 vip-sync.sh[67107]: awk: warning: escape sequence `\.' treated as plain `.'
Apr 24 10:30:59 worker-3 vip-sync.sh[67131]: awk: warning: escape sequence `\.' treated as plain `.'
Apr 24 10:31:29 worker-3 vip-sync.sh[67156]: awk: warning: escape sequence `\.' treated as plain `.'
Apr 24 10:32:00 worker-3 vip-sync.sh[67179]: awk: warning: escape sequence `\.' treated as plain `.'
Apr 24 10:32:30 worker-3 vip-sync.sh[67203]: awk: warning: escape sequence `\.' treated as plain `.'
Apr 24 10:33:00 worker-3 vip-sync.sh[67225]: awk: warning: escape sequence `\.' treated as plain `.'
Apr 24 10:33:30 worker-3 vip-sync.sh[67250]: awk: warning: escape sequence `\.' treated as plain `.'
Apr 24 10:34:00 worker-3 vip-sync.sh[67273]: awk: warning: escape sequence `\.' treated as plain `.'
Apr 24 10:34:30 worker-3 vip-sync.sh[67297]: awk: warning: escape sequence `\.' treated as plain `.'
Apr 24 10:35:00 worker-3 vip-sync.sh[67319]: awk: warning: escape sequence `\.' treated as plain `.'
Apr 24 10:35:30 worker-3 vip-sync.sh[67348]: awk: warning: escape sequence `\.' treated as plain `.'
Apr 24 10:36:00 worker-3 vip-sync.sh[67371]: awk: warning: escape sequence `\.' treated as plain `.'
Apr 24 10:36:30 worker-3 vip-sync.sh[68131]: awk: warning: escape sequence `\.' treated as plain `.'
Apr 24 10:37:00 worker-3 vip-sync.sh[68154]: awk: warning: escape sequence `\.' treated as plain `.'
Apr 24 10:37:30 worker-3 vip-sync.sh[68179]: awk: warning: escape sequence `\.' treated as plain `.'
Apr 24 10:38:01 worker-3 vip-sync.sh[68202]: awk: warning: escape sequence `\.' treated as plain `.'
Apr 24 10:38:31 worker-3 vip-sync.sh[68226]: awk: warning: escape sequence `\.' treated as plain `.'
Apr 24 10:39:01 worker-3 vip-sync.sh[68249]: awk: warning: escape sequence `\.' treated as plain `.'
Apr 24 10:39:31 worker-3 vip-sync.sh[68273]: awk: warning: escape sequence `\.' treated as plain `.'
Apr 24 10:40:01 worker-3 vip-sync.sh[68296]: awk: warning: escape sequence `\.' treated as plain `.'
Apr 24 10:40:31 worker-3 vip-sync.sh[68323]: awk: warning: escape sequence `\.' treated as plain `.'
Apr 24 10:41:01 worker-3 vip-sync.sh[68347]: awk: warning: escape sequence `\.' treated as plain `.'
Apr 24 10:41:31 worker-3 vip-sync.sh[68371]: awk: warning: escape sequence `\.' treated as plain `.'
Apr 24 10:42:01 worker-3 vip-sync.sh[68393]: awk: warning: escape sequence `\.' treated as plain `.'
Apr 24 10:42:31 worker-3 vip-sync.sh[68418]: awk: warning: escape sequence `\.' treated as plain `.'
Apr 24 10:43:01 worker-3 vip-sync.sh[68440]: awk: warning: escape sequence `\.' treated as plain `.'
Apr 24 10:43:31 worker-3 vip-sync.sh[68465]: awk: warning: escape sequence `\.' treated as plain `.'
Apr 24 10:44:02 worker-3 vip-sync.sh[68487]: awk: warning: escape sequence `\.' treated as plain `.'
Apr 24 10:44:32 worker-3 vip-sync.sh[68512]: awk: warning: escape sequence `\.' treated as plain `.'
Apr 24 10:45:02 worker-3 vip-sync.sh[68538]: awk: warning: escape sequence `\.' treated as plain `.'
Apr 24 10:45:32 worker-3 vip-sync.sh[68563]: awk: warning: escape sequence `\.' treated as plain `.'
Apr 24 10:46:02 worker-3 vip-sync.sh[68586]: awk: warning: escape sequence `\.' treated as plain `.'
Apr 24 10:46:32 worker-3 vip-sync.sh[68611]: awk: warning: escape sequence `\.' treated as plain `.'
Apr 24 10:47:02 worker-3 vip-sync.sh[68635]: awk: warning: escape sequence `\.' treated as plain `.'
Apr 24 10:47:32 worker-3 vip-sync.sh[68660]: awk: warning: escape sequence `\.' treated as plain `.'
Apr 24 10:48:02 worker-3 vip-sync.sh[68742]: awk: warning: escape sequence `\.' treated as plain `.'
Apr 24 10:48:32 worker-3 vip-sync.sh[69273]: awk: warning: escape sequence `\.' treated as plain `.'
Apr 24 10:49:02 worker-3 vip-sync.sh[69296]: awk: warning: escape sequence `\.' treated as plain `.'
Apr 24 10:49:32 worker-3 vip-sync.sh[69320]: awk: warning: escape sequence `\.' treated as plain `.'
Apr 24 10:50:03 worker-3 vip-sync.sh[69343]: awk: warning: escape sequence `\.' treated as plain `.'
Apr 24 10:50:33 worker-3 vip-sync.sh[69371]: awk: warning: escape sequence `\.' treated as plain `.'
Apr 24 10:51:03 worker-3 vip-sync.sh[69395]: awk: warning: escape sequence `\.' treated as plain `.'
Apr 24 10:51:33 worker-3 vip-sync.sh[69419]: awk: warning: escape sequence `\.' treated as plain `.'
Apr 24 10:52:03 worker-3 vip-sync.sh[69442]: awk: warning: escape sequence `\.' treated as plain `.'
Apr 24 10:52:33 worker-3 vip-sync.sh[69467]: awk: warning: escape sequence `\.' treated as plain `.'
Apr 24 10:53:03 worker-3 vip-sync.sh[69489]: awk: warning: escape sequence `\.' treated as plain `.'
Apr 24 10:53:33 worker-3 vip-sync.sh[69514]: awk: warning: escape sequence `\.' treated as plain `.'
Apr 24 10:54:03 worker-3 vip-sync.sh[69536]: awk: warning: escape sequence `\.' treated as plain `.'
Apr 24 10:54:33 worker-3 vip-sync.sh[69560]: awk: warning: escape sequence `\.' treated as plain `.'
Apr 24 10:55:03 worker-3 vip-sync.sh[69585]: awk: warning: escape sequence `\.' treated as plain `.'
Apr 24 10:55:33 worker-3 vip-sync.sh[69610]: awk: warning: escape sequence `\.' treated as plain `.'
Apr 24 10:56:04 worker-3 vip-sync.sh[70200]: awk: warning: escape sequence `\.' treated as plain `.'
Apr 24 10:56:34 worker-3 vip-sync.sh[70224]: awk: warning: escape sequence `\.' treated as plain `.'
Apr 24 10:57:04 worker-3 vip-sync.sh[70247]: awk: warning: escape sequence `\.' treated as plain `.'
Apr 24 10:57:34 worker-3 vip-sync.sh[70271]: awk: warning: escape sequence `\.' treated as plain `.'
Apr 24 10:58:04 worker-3 vip-sync.sh[70293]: awk: warning: escape sequence `\.' treated as plain `.'
Apr 24 10:58:34 worker-3 vip-sync.sh[70318]: awk: warning: escape sequence `\.' treated as plain `.'
Apr 24 10:59:04 worker-3 vip-sync.sh[70340]: awk: warning: escape sequence `\.' treated as plain `.'
Apr 24 10:59:34 worker-3 vip-sync.sh[70365]: awk: warning: escape sequence `\.' treated as plain `.'
Apr 24 11:00:04 worker-3 vip-sync.sh[70387]: awk: warning: escape sequence `\.' treated as plain `.'
Apr 24 11:00:34 worker-3 vip-sync.sh[70413]: awk: warning: escape sequence `\.' treated as plain `.'
Apr 24 11:01:04 worker-3 vip-sync.sh[70438]: awk: warning: escape sequence `\.' treated as plain `.'
Apr 24 11:01:34 worker-3 vip-sync.sh[70462]: awk: warning: escape sequence `\.' treated as plain `.'
Apr 24 11:02:05 worker-3 vip-sync.sh[70484]: awk: warning: escape sequence `\.' treated as plain `.'
Apr 24 11:02:35 worker-3 vip-sync.sh[70508]: awk: warning: escape sequence `\.' treated as plain `.'
Apr 24 11:03:05 worker-3 vip-sync.sh[70530]: awk: warning: escape sequence `\.' treated as plain `.'
Apr 24 11:03:35 worker-3 vip-sync.sh[70554]: awk: warning: escape sequence `\.' treated as plain `.'
Apr 24 11:04:05 worker-3 vip-sync.sh[70576]: awk: warning: escape sequence `\.' treated as plain `.'
Apr 24 11:04:35 worker-3 vip-sync.sh[70600]: awk: warning: escape sequence `\.' treated as plain `.'
Apr 24 11:05:05 worker-3 vip-sync.sh[70626]: awk: warning: escape sequence `\.' treated as plain `.'
Apr 24 11:05:35 worker-3 vip-sync.sh[70650]: awk: warning: escape sequence `\.' treated as plain `.'
