# $ sudo journalctl -u vip-sync --no-pager -n 1000
# 2026-04-24T11:05:37+00:00

Apr 24 10:14:54 worker-1 systemd[1]: Started vip-sync.service - VIP sync (Kubernetes LoadBalancer IPs -> lo).
Apr 24 10:14:55 worker-1 vip-sync.sh[67216]: awk: warning: escape sequence `\.' treated as plain `.'
Apr 24 10:14:55 worker-1 vip-sync[67229]: added 192.168.100.3/32 to lo
Apr 24 10:15:25 worker-1 vip-sync.sh[67481]: awk: warning: escape sequence `\.' treated as plain `.'
Apr 24 10:15:55 worker-1 vip-sync.sh[67815]: awk: warning: escape sequence `\.' treated as plain `.'
Apr 24 10:16:25 worker-1 vip-sync.sh[67837]: awk: warning: escape sequence `\.' treated as plain `.'
Apr 24 10:16:55 worker-1 vip-sync.sh[67861]: awk: warning: escape sequence `\.' treated as plain `.'
Apr 24 10:17:25 worker-1 vip-sync.sh[67887]: awk: warning: escape sequence `\.' treated as plain `.'
Apr 24 10:17:55 worker-1 vip-sync.sh[67911]: awk: warning: escape sequence `\.' treated as plain `.'
Apr 24 10:18:25 worker-1 vip-sync.sh[67935]: awk: warning: escape sequence `\.' treated as plain `.'
Apr 24 10:18:55 worker-1 vip-sync.sh[67963]: awk: warning: escape sequence `\.' treated as plain `.'
Apr 24 10:19:25 worker-1 vip-sync.sh[67985]: awk: warning: escape sequence `\.' treated as plain `.'
Apr 24 10:19:55 worker-1 vip-sync.sh[68009]: awk: warning: escape sequence `\.' treated as plain `.'
Apr 24 10:20:25 worker-1 vip-sync.sh[68038]: awk: warning: escape sequence `\.' treated as plain `.'
Apr 24 10:20:56 worker-1 vip-sync.sh[68063]: awk: warning: escape sequence `\.' treated as plain `.'
Apr 24 10:21:26 worker-1 vip-sync.sh[68199]: awk: warning: escape sequence `\.' treated as plain `.'
Apr 24 10:21:56 worker-1 vip-sync.sh[68223]: awk: warning: escape sequence `\.' treated as plain `.'
Apr 24 10:22:26 worker-1 vip-sync.sh[68245]: awk: warning: escape sequence `\.' treated as plain `.'
Apr 24 10:22:56 worker-1 vip-sync.sh[68269]: awk: warning: escape sequence `\.' treated as plain `.'
Apr 24 10:23:26 worker-1 vip-sync.sh[68292]: awk: warning: escape sequence `\.' treated as plain `.'
Apr 24 10:23:56 worker-1 vip-sync.sh[68316]: awk: warning: escape sequence `\.' treated as plain `.'
Apr 24 10:24:26 worker-1 vip-sync.sh[68339]: awk: warning: escape sequence `\.' treated as plain `.'
Apr 24 10:24:56 worker-1 vip-sync.sh[68363]: awk: warning: escape sequence `\.' treated as plain `.'
Apr 24 10:25:26 worker-1 vip-sync.sh[68390]: awk: warning: escape sequence `\.' treated as plain `.'
Apr 24 10:25:56 worker-1 vip-sync.sh[68415]: awk: warning: escape sequence `\.' treated as plain `.'
Apr 24 10:26:27 worker-1 vip-sync.sh[68510]: awk: warning: escape sequence `\.' treated as plain `.'
Apr 24 10:26:57 worker-1 vip-sync.sh[68535]: awk: warning: escape sequence `\.' treated as plain `.'
Apr 24 10:27:27 worker-1 vip-sync.sh[68559]: awk: warning: escape sequence `\.' treated as plain `.'
Apr 24 10:27:57 worker-1 vip-sync.sh[68583]: awk: warning: escape sequence `\.' treated as plain `.'
Apr 24 10:28:27 worker-1 vip-sync.sh[68721]: awk: warning: escape sequence `\.' treated as plain `.'
Apr 24 10:28:57 worker-1 vip-sync.sh[68799]: awk: warning: escape sequence `\.' treated as plain `.'
Apr 24 10:29:27 worker-1 vip-sync.sh[68821]: awk: warning: escape sequence `\.' treated as plain `.'
Apr 24 10:29:57 worker-1 vip-sync.sh[68845]: awk: warning: escape sequence `\.' treated as plain `.'
Apr 24 10:30:27 worker-1 vip-sync.sh[68872]: awk: warning: escape sequence `\.' treated as plain `.'
Apr 24 10:30:57 worker-1 vip-sync.sh[68896]: awk: warning: escape sequence `\.' treated as plain `.'
Apr 24 10:31:27 worker-1 vip-sync.sh[68918]: awk: warning: escape sequence `\.' treated as plain `.'
Apr 24 10:31:58 worker-1 vip-sync.sh[68942]: awk: warning: escape sequence `\.' treated as plain `.'
Apr 24 10:32:28 worker-1 vip-sync.sh[68964]: awk: warning: escape sequence `\.' treated as plain `.'
Apr 24 10:32:58 worker-1 vip-sync.sh[68988]: awk: warning: escape sequence `\.' treated as plain `.'
Apr 24 10:33:28 worker-1 vip-sync.sh[69010]: awk: warning: escape sequence `\.' treated as plain `.'
Apr 24 10:33:58 worker-1 vip-sync.sh[69034]: awk: warning: escape sequence `\.' treated as plain `.'
Apr 24 10:34:28 worker-1 vip-sync.sh[69057]: awk: warning: escape sequence `\.' treated as plain `.'
Apr 24 10:34:58 worker-1 vip-sync.sh[69081]: awk: warning: escape sequence `\.' treated as plain `.'
Apr 24 10:35:28 worker-1 vip-sync.sh[69108]: awk: warning: escape sequence `\.' treated as plain `.'
Apr 24 10:35:58 worker-1 vip-sync.sh[69132]: awk: warning: escape sequence `\.' treated as plain `.'
Apr 24 10:36:28 worker-1 vip-sync.sh[69764]: awk: warning: escape sequence `\.' treated as plain `.'
Apr 24 10:36:58 worker-1 vip-sync.sh[69959]: awk: warning: escape sequence `\.' treated as plain `.'
Apr 24 10:37:28 worker-1 vip-sync.sh[69981]: awk: warning: escape sequence `\.' treated as plain `.'
Apr 24 10:37:59 worker-1 vip-sync.sh[70005]: awk: warning: escape sequence `\.' treated as plain `.'
Apr 24 10:38:29 worker-1 vip-sync.sh[70027]: awk: warning: escape sequence `\.' treated as plain `.'
Apr 24 10:38:59 worker-1 vip-sync.sh[70052]: awk: warning: escape sequence `\.' treated as plain `.'
Apr 24 10:39:29 worker-1 vip-sync.sh[70074]: awk: warning: escape sequence `\.' treated as plain `.'
Apr 24 10:39:59 worker-1 vip-sync.sh[70098]: awk: warning: escape sequence `\.' treated as plain `.'
Apr 24 10:40:29 worker-1 vip-sync.sh[70125]: awk: warning: escape sequence `\.' treated as plain `.'
Apr 24 10:40:59 worker-1 vip-sync.sh[70149]: awk: warning: escape sequence `\.' treated as plain `.'
Apr 24 10:41:29 worker-1 vip-sync.sh[70172]: awk: warning: escape sequence `\.' treated as plain `.'
Apr 24 10:41:59 worker-1 vip-sync.sh[70196]: awk: warning: escape sequence `\.' treated as plain `.'
Apr 24 10:42:29 worker-1 vip-sync.sh[70218]: awk: warning: escape sequence `\.' treated as plain `.'
Apr 24 10:42:59 worker-1 vip-sync.sh[70242]: awk: warning: escape sequence `\.' treated as plain `.'
Apr 24 10:43:29 worker-1 vip-sync.sh[70265]: awk: warning: escape sequence `\.' treated as plain `.'
Apr 24 10:44:00 worker-1 vip-sync.sh[70291]: awk: warning: escape sequence `\.' treated as plain `.'
Apr 24 10:44:30 worker-1 vip-sync.sh[70314]: awk: warning: escape sequence `\.' treated as plain `.'
Apr 24 10:45:00 worker-1 vip-sync.sh[70338]: awk: warning: escape sequence `\.' treated as plain `.'
Apr 24 10:45:30 worker-1 vip-sync.sh[70365]: awk: warning: escape sequence `\.' treated as plain `.'
Apr 24 10:46:00 worker-1 vip-sync.sh[70390]: awk: warning: escape sequence `\.' treated as plain `.'
Apr 24 10:46:30 worker-1 vip-sync.sh[70414]: awk: warning: escape sequence `\.' treated as plain `.'
Apr 24 10:47:00 worker-1 vip-sync.sh[70440]: awk: warning: escape sequence `\.' treated as plain `.'
Apr 24 10:47:30 worker-1 vip-sync.sh[70463]: awk: warning: escape sequence `\.' treated as plain `.'
Apr 24 10:48:00 worker-1 vip-sync.sh[70853]: awk: warning: escape sequence `\.' treated as plain `.'
Apr 24 10:48:30 worker-1 vip-sync.sh[71078]: awk: warning: escape sequence `\.' treated as plain `.'
Apr 24 10:49:00 worker-1 vip-sync.sh[71103]: awk: warning: escape sequence `\.' treated as plain `.'
Apr 24 10:49:30 worker-1 vip-sync.sh[71126]: awk: warning: escape sequence `\.' treated as plain `.'
Apr 24 10:50:01 worker-1 vip-sync.sh[71150]: awk: warning: escape sequence `\.' treated as plain `.'
Apr 24 10:50:31 worker-1 vip-sync.sh[71177]: awk: warning: escape sequence `\.' treated as plain `.'
Apr 24 10:51:01 worker-1 vip-sync.sh[71201]: awk: warning: escape sequence `\.' treated as plain `.'
Apr 24 10:51:31 worker-1 vip-sync.sh[71223]: awk: warning: escape sequence `\.' treated as plain `.'
Apr 24 10:52:01 worker-1 vip-sync.sh[71247]: awk: warning: escape sequence `\.' treated as plain `.'
Apr 24 10:52:31 worker-1 vip-sync.sh[71270]: awk: warning: escape sequence `\.' treated as plain `.'
Apr 24 10:53:01 worker-1 vip-sync.sh[71295]: awk: warning: escape sequence `\.' treated as plain `.'
Apr 24 10:53:31 worker-1 vip-sync.sh[71318]: awk: warning: escape sequence `\.' treated as plain `.'
Apr 24 10:54:01 worker-1 vip-sync.sh[71342]: awk: warning: escape sequence `\.' treated as plain `.'
Apr 24 10:54:31 worker-1 vip-sync.sh[71365]: awk: warning: escape sequence `\.' treated as plain `.'
Apr 24 10:55:01 worker-1 vip-sync.sh[71392]: awk: warning: escape sequence `\.' treated as plain `.'
Apr 24 10:55:32 worker-1 vip-sync.sh[71415]: awk: warning: escape sequence `\.' treated as plain `.'
Apr 24 10:56:02 worker-1 vip-sync.sh[72007]: awk: warning: escape sequence `\.' treated as plain `.'
Apr 24 10:56:32 worker-1 vip-sync.sh[72030]: awk: warning: escape sequence `\.' treated as plain `.'
Apr 24 10:57:02 worker-1 vip-sync.sh[72054]: awk: warning: escape sequence `\.' treated as plain `.'
Apr 24 10:57:32 worker-1 vip-sync.sh[72076]: awk: warning: escape sequence `\.' treated as plain `.'
Apr 24 10:58:02 worker-1 vip-sync.sh[72100]: awk: warning: escape sequence `\.' treated as plain `.'
Apr 24 10:58:32 worker-1 vip-sync.sh[72122]: awk: warning: escape sequence `\.' treated as plain `.'
Apr 24 10:59:02 worker-1 vip-sync.sh[72146]: awk: warning: escape sequence `\.' treated as plain `.'
Apr 24 10:59:32 worker-1 vip-sync.sh[72168]: awk: warning: escape sequence `\.' treated as plain `.'
Apr 24 11:00:02 worker-1 vip-sync.sh[72192]: awk: warning: escape sequence `\.' treated as plain `.'
Apr 24 11:00:32 worker-1 vip-sync.sh[72219]: awk: warning: escape sequence `\.' treated as plain `.'
Apr 24 11:01:02 worker-1 vip-sync.sh[72244]: awk: warning: escape sequence `\.' treated as plain `.'
Apr 24 11:01:33 worker-1 vip-sync.sh[72267]: awk: warning: escape sequence `\.' treated as plain `.'
Apr 24 11:02:03 worker-1 vip-sync.sh[72291]: awk: warning: escape sequence `\.' treated as plain `.'
Apr 24 11:02:33 worker-1 vip-sync.sh[72313]: awk: warning: escape sequence `\.' treated as plain `.'
Apr 24 11:03:03 worker-1 vip-sync.sh[72337]: awk: warning: escape sequence `\.' treated as plain `.'
Apr 24 11:03:33 worker-1 vip-sync.sh[72360]: awk: warning: escape sequence `\.' treated as plain `.'
Apr 24 11:04:03 worker-1 vip-sync.sh[72384]: awk: warning: escape sequence `\.' treated as plain `.'
Apr 24 11:04:33 worker-1 vip-sync.sh[72409]: awk: warning: escape sequence `\.' treated as plain `.'
Apr 24 11:05:03 worker-1 vip-sync.sh[72436]: awk: warning: escape sequence `\.' treated as plain `.'
Apr 24 11:05:33 worker-1 vip-sync.sh[72459]: awk: warning: escape sequence `\.' treated as plain `.'
