# $ sudo journalctl -u vip-sync --no-pager -n 1000
# 2026-04-24T12:01:53+00:00

Apr 24 10:14:56 worker-2 systemd[1]: Started vip-sync.service - VIP sync (Kubernetes LoadBalancer IPs -> lo).
Apr 24 10:14:56 worker-2 vip-sync.sh[63309]: awk: warning: escape sequence `\.' treated as plain `.'
Apr 24 10:14:56 worker-2 vip-sync[63313]: added 192.168.100.0/32 to lo
Apr 24 10:14:56 worker-2 vip-sync[63316]: added 192.168.100.1/32 to lo
Apr 24 10:14:56 worker-2 vip-sync[63319]: added 192.168.100.2/32 to lo
Apr 24 10:14:56 worker-2 vip-sync[63322]: added 192.168.100.3/32 to lo
Apr 24 10:15:26 worker-2 vip-sync.sh[63587]: awk: warning: escape sequence `\.' treated as plain `.'
Apr 24 10:15:56 worker-2 vip-sync.sh[63921]: awk: warning: escape sequence `\.' treated as plain `.'
Apr 24 10:16:26 worker-2 vip-sync.sh[63943]: awk: warning: escape sequence `\.' treated as plain `.'
Apr 24 10:16:56 worker-2 vip-sync.sh[63967]: awk: warning: escape sequence `\.' treated as plain `.'
Apr 24 10:17:26 worker-2 vip-sync.sh[63993]: awk: warning: escape sequence `\.' treated as plain `.'
Apr 24 10:17:56 worker-2 vip-sync.sh[64017]: awk: warning: escape sequence `\.' treated as plain `.'
Apr 24 10:18:26 worker-2 vip-sync.sh[64042]: awk: warning: escape sequence `\.' treated as plain `.'
Apr 24 10:18:56 worker-2 vip-sync.sh[64067]: awk: warning: escape sequence `\.' treated as plain `.'
Apr 24 10:19:26 worker-2 vip-sync.sh[64090]: awk: warning: escape sequence `\.' treated as plain `.'
Apr 24 10:19:56 worker-2 vip-sync.sh[64114]: awk: warning: escape sequence `\.' treated as plain `.'
Apr 24 10:20:26 worker-2 vip-sync.sh[64142]: awk: warning: escape sequence `\.' treated as plain `.'
Apr 24 10:20:57 worker-2 vip-sync.sh[64166]: awk: warning: escape sequence `\.' treated as plain `.'
Apr 24 10:21:27 worker-2 vip-sync.sh[64302]: awk: warning: escape sequence `\.' treated as plain `.'
Apr 24 10:21:57 worker-2 vip-sync.sh[64326]: awk: warning: escape sequence `\.' treated as plain `.'
Apr 24 10:22:27 worker-2 vip-sync.sh[64349]: awk: warning: escape sequence `\.' treated as plain `.'
Apr 24 10:22:57 worker-2 vip-sync.sh[64373]: awk: warning: escape sequence `\.' treated as plain `.'
Apr 24 10:23:27 worker-2 vip-sync.sh[64397]: awk: warning: escape sequence `\.' treated as plain `.'
Apr 24 10:23:57 worker-2 vip-sync.sh[64421]: awk: warning: escape sequence `\.' treated as plain `.'
Apr 24 10:24:27 worker-2 vip-sync.sh[64443]: awk: warning: escape sequence `\.' treated as plain `.'
Apr 24 10:24:57 worker-2 vip-sync.sh[64467]: awk: warning: escape sequence `\.' treated as plain `.'
Apr 24 10:25:27 worker-2 vip-sync.sh[64492]: awk: warning: escape sequence `\.' treated as plain `.'
Apr 24 10:25:57 worker-2 vip-sync.sh[64516]: awk: warning: escape sequence `\.' treated as plain `.'
Apr 24 10:26:27 worker-2 vip-sync.sh[64609]: awk: warning: escape sequence `\.' treated as plain `.'
Apr 24 10:26:58 worker-2 vip-sync.sh[64634]: awk: warning: escape sequence `\.' treated as plain `.'
Apr 24 10:27:28 worker-2 vip-sync.sh[64656]: awk: warning: escape sequence `\.' treated as plain `.'
Apr 24 10:27:58 worker-2 vip-sync.sh[64680]: awk: warning: escape sequence `\.' treated as plain `.'
Apr 24 10:28:28 worker-2 vip-sync.sh[64821]: awk: warning: escape sequence `\.' treated as plain `.'
Apr 24 10:28:58 worker-2 vip-sync.sh[64899]: awk: warning: escape sequence `\.' treated as plain `.'
Apr 24 10:29:28 worker-2 vip-sync.sh[64921]: awk: warning: escape sequence `\.' treated as plain `.'
Apr 24 10:29:58 worker-2 vip-sync.sh[64945]: awk: warning: escape sequence `\.' treated as plain `.'
Apr 24 10:30:28 worker-2 vip-sync.sh[64969]: awk: warning: escape sequence `\.' treated as plain `.'
Apr 24 10:30:58 worker-2 vip-sync.sh[64993]: awk: warning: escape sequence `\.' treated as plain `.'
Apr 24 10:31:28 worker-2 vip-sync.sh[65016]: awk: warning: escape sequence `\.' treated as plain `.'
Apr 24 10:31:58 worker-2 vip-sync.sh[65040]: awk: warning: escape sequence `\.' treated as plain `.'
Apr 24 10:32:28 worker-2 vip-sync.sh[65063]: awk: warning: escape sequence `\.' treated as plain `.'
Apr 24 10:32:59 worker-2 vip-sync.sh[65088]: awk: warning: escape sequence `\.' treated as plain `.'
Apr 24 10:33:29 worker-2 vip-sync.sh[65113]: awk: warning: escape sequence `\.' treated as plain `.'
Apr 24 10:33:59 worker-2 vip-sync.sh[65137]: awk: warning: escape sequence `\.' treated as plain `.'
Apr 24 10:34:29 worker-2 vip-sync.sh[65160]: awk: warning: escape sequence `\.' treated as plain `.'
Apr 24 10:34:59 worker-2 vip-sync.sh[65185]: awk: warning: escape sequence `\.' treated as plain `.'
Apr 24 10:35:29 worker-2 vip-sync.sh[65212]: awk: warning: escape sequence `\.' treated as plain `.'
Apr 24 10:35:59 worker-2 vip-sync.sh[65236]: awk: warning: escape sequence `\.' treated as plain `.'
Apr 24 10:36:29 worker-2 vip-sync.sh[65868]: awk: warning: escape sequence `\.' treated as plain `.'
Apr 24 10:36:59 worker-2 vip-sync.sh[66063]: awk: warning: escape sequence `\.' treated as plain `.'
Apr 24 10:37:29 worker-2 vip-sync.sh[66086]: awk: warning: escape sequence `\.' treated as plain `.'
Apr 24 10:37:59 worker-2 vip-sync.sh[66110]: awk: warning: escape sequence `\.' treated as plain `.'
Apr 24 10:38:29 worker-2 vip-sync.sh[66134]: awk: warning: escape sequence `\.' treated as plain `.'
Apr 24 10:38:59 worker-2 vip-sync.sh[66158]: awk: warning: escape sequence `\.' treated as plain `.'
Apr 24 10:39:30 worker-2 vip-sync.sh[66180]: awk: warning: escape sequence `\.' treated as plain `.'
Apr 24 10:40:00 worker-2 vip-sync.sh[66204]: awk: warning: escape sequence `\.' treated as plain `.'
Apr 24 10:40:30 worker-2 vip-sync.sh[66229]: awk: warning: escape sequence `\.' treated as plain `.'
Apr 24 10:41:00 worker-2 vip-sync.sh[66253]: awk: warning: escape sequence `\.' treated as plain `.'
Apr 24 10:41:30 worker-2 vip-sync.sh[66275]: awk: warning: escape sequence `\.' treated as plain `.'
Apr 24 10:42:00 worker-2 vip-sync.sh[66299]: awk: warning: escape sequence `\.' treated as plain `.'
Apr 24 10:42:30 worker-2 vip-sync.sh[66323]: awk: warning: escape sequence `\.' treated as plain `.'
Apr 24 10:43:00 worker-2 vip-sync.sh[66347]: awk: warning: escape sequence `\.' treated as plain `.'
Apr 24 10:43:30 worker-2 vip-sync.sh[66370]: awk: warning: escape sequence `\.' treated as plain `.'
Apr 24 10:44:00 worker-2 vip-sync.sh[66394]: awk: warning: escape sequence `\.' treated as plain `.'
Apr 24 10:44:30 worker-2 vip-sync.sh[66416]: awk: warning: escape sequence `\.' treated as plain `.'
Apr 24 10:45:01 worker-2 vip-sync.sh[66440]: awk: warning: escape sequence `\.' treated as plain `.'
Apr 24 10:45:31 worker-2 vip-sync.sh[66465]: awk: warning: escape sequence `\.' treated as plain `.'
Apr 24 10:46:01 worker-2 vip-sync.sh[66490]: awk: warning: escape sequence `\.' treated as plain `.'
Apr 24 10:46:31 worker-2 vip-sync.sh[66512]: awk: warning: escape sequence `\.' treated as plain `.'
Apr 24 10:47:01 worker-2 vip-sync.sh[66536]: awk: warning: escape sequence `\.' treated as plain `.'
Apr 24 10:47:31 worker-2 vip-sync.sh[66558]: awk: warning: escape sequence `\.' treated as plain `.'
Apr 24 10:48:01 worker-2 vip-sync.sh[66695]: awk: warning: escape sequence `\.' treated as plain `.'
Apr 24 10:48:31 worker-2 vip-sync.sh[67174]: awk: warning: escape sequence `\.' treated as plain `.'
Apr 24 10:49:01 worker-2 vip-sync.sh[67198]: awk: warning: escape sequence `\.' treated as plain `.'
Apr 24 10:49:31 worker-2 vip-sync.sh[67220]: awk: warning: escape sequence `\.' treated as plain `.'
Apr 24 10:50:01 worker-2 vip-sync.sh[67245]: awk: warning: escape sequence `\.' treated as plain `.'
Apr 24 10:50:31 worker-2 vip-sync.sh[67270]: awk: warning: escape sequence `\.' treated as plain `.'
Apr 24 10:51:01 worker-2 vip-sync.sh[67294]: awk: warning: escape sequence `\.' treated as plain `.'
Apr 24 10:51:32 worker-2 vip-sync.sh[67316]: awk: warning: escape sequence `\.' treated as plain `.'
Apr 24 10:52:02 worker-2 vip-sync.sh[67341]: awk: warning: escape sequence `\.' treated as plain `.'
Apr 24 10:52:32 worker-2 vip-sync.sh[67364]: awk: warning: escape sequence `\.' treated as plain `.'
Apr 24 10:53:02 worker-2 vip-sync.sh[67389]: awk: warning: escape sequence `\.' treated as plain `.'
Apr 24 10:53:32 worker-2 vip-sync.sh[67412]: awk: warning: escape sequence `\.' treated as plain `.'
Apr 24 10:54:02 worker-2 vip-sync.sh[67437]: awk: warning: escape sequence `\.' treated as plain `.'
Apr 24 10:54:32 worker-2 vip-sync.sh[67460]: awk: warning: escape sequence `\.' treated as plain `.'
Apr 24 10:55:02 worker-2 vip-sync.sh[67488]: awk: warning: escape sequence `\.' treated as plain `.'
Apr 24 10:55:32 worker-2 vip-sync.sh[67510]: awk: warning: escape sequence `\.' treated as plain `.'
Apr 24 10:56:02 worker-2 vip-sync.sh[68100]: awk: warning: escape sequence `\.' treated as plain `.'
Apr 24 10:56:32 worker-2 vip-sync.sh[68122]: awk: warning: escape sequence `\.' treated as plain `.'
Apr 24 10:57:03 worker-2 vip-sync.sh[68146]: awk: warning: escape sequence `\.' treated as plain `.'
Apr 24 10:57:33 worker-2 vip-sync.sh[68168]: awk: warning: escape sequence `\.' treated as plain `.'
Apr 24 10:58:03 worker-2 vip-sync.sh[68192]: awk: warning: escape sequence `\.' treated as plain `.'
Apr 24 10:58:33 worker-2 vip-sync.sh[68216]: awk: warning: escape sequence `\.' treated as plain `.'
Apr 24 10:59:03 worker-2 vip-sync.sh[68241]: awk: warning: escape sequence `\.' treated as plain `.'
Apr 24 10:59:33 worker-2 vip-sync.sh[68263]: awk: warning: escape sequence `\.' treated as plain `.'
Apr 24 11:00:03 worker-2 vip-sync.sh[68288]: awk: warning: escape sequence `\.' treated as plain `.'
Apr 24 11:00:33 worker-2 vip-sync.sh[68314]: awk: warning: escape sequence `\.' treated as plain `.'
Apr 24 11:01:03 worker-2 vip-sync.sh[68338]: awk: warning: escape sequence `\.' treated as plain `.'
Apr 24 11:01:33 worker-2 vip-sync.sh[68360]: awk: warning: escape sequence `\.' treated as plain `.'
Apr 24 11:02:03 worker-2 vip-sync.sh[68384]: awk: warning: escape sequence `\.' treated as plain `.'
Apr 24 11:02:33 worker-2 vip-sync.sh[68407]: awk: warning: escape sequence `\.' treated as plain `.'
Apr 24 11:03:03 worker-2 vip-sync.sh[68432]: awk: warning: escape sequence `\.' treated as plain `.'
Apr 24 11:03:33 worker-2 vip-sync.sh[68455]: awk: warning: escape sequence `\.' treated as plain `.'
Apr 24 11:04:04 worker-2 vip-sync.sh[68480]: awk: warning: escape sequence `\.' treated as plain `.'
Apr 24 11:04:34 worker-2 vip-sync.sh[68502]: awk: warning: escape sequence `\.' treated as plain `.'
Apr 24 11:05:04 worker-2 vip-sync.sh[68529]: awk: warning: escape sequence `\.' treated as plain `.'
Apr 24 11:05:34 worker-2 vip-sync.sh[68551]: awk: warning: escape sequence `\.' treated as plain `.'
Apr 24 11:06:04 worker-2 vip-sync.sh[68704]: awk: warning: escape sequence `\.' treated as plain `.'
Apr 24 11:06:34 worker-2 vip-sync.sh[68726]: awk: warning: escape sequence `\.' treated as plain `.'
Apr 24 11:07:04 worker-2 vip-sync.sh[68923]: awk: warning: escape sequence `\.' treated as plain `.'
Apr 24 11:07:34 worker-2 vip-sync.sh[68945]: awk: warning: escape sequence `\.' treated as plain `.'
Apr 24 11:08:04 worker-2 vip-sync.sh[68970]: awk: warning: escape sequence `\.' treated as plain `.'
Apr 24 11:08:34 worker-2 vip-sync.sh[68995]: awk: warning: escape sequence `\.' treated as plain `.'
Apr 24 11:09:04 worker-2 vip-sync.sh[69019]: awk: warning: escape sequence `\.' treated as plain `.'
Apr 24 11:09:34 worker-2 vip-sync.sh[69101]: awk: warning: escape sequence `\.' treated as plain `.'
Apr 24 11:10:05 worker-2 vip-sync.sh[69177]: awk: warning: escape sequence `\.' treated as plain `.'
Apr 24 11:10:35 worker-2 vip-sync.sh[69703]: awk: warning: escape sequence `\.' treated as plain `.'
Apr 24 11:11:05 worker-2 vip-sync.sh[69727]: awk: warning: escape sequence `\.' treated as plain `.'
Apr 24 11:11:35 worker-2 vip-sync.sh[69750]: awk: warning: escape sequence `\.' treated as plain `.'
Apr 24 11:12:05 worker-2 vip-sync.sh[69775]: awk: warning: escape sequence `\.' treated as plain `.'
Apr 24 11:12:35 worker-2 vip-sync.sh[69797]: awk: warning: escape sequence `\.' treated as plain `.'
Apr 24 11:13:05 worker-2 vip-sync.sh[69821]: awk: warning: escape sequence `\.' treated as plain `.'
Apr 24 11:13:35 worker-2 vip-sync.sh[69845]: awk: warning: escape sequence `\.' treated as plain `.'
Apr 24 11:14:05 worker-2 vip-sync.sh[69869]: awk: warning: escape sequence `\.' treated as plain `.'
Apr 24 11:14:35 worker-2 vip-sync.sh[69891]: awk: warning: escape sequence `\.' treated as plain `.'
Apr 24 11:15:05 worker-2 vip-sync.sh[69918]: awk: warning: escape sequence `\.' treated as plain `.'
Apr 24 11:15:35 worker-2 vip-sync.sh[69940]: awk: warning: escape sequence `\.' treated as plain `.'
Apr 24 11:16:05 worker-2 vip-sync.sh[69964]: awk: warning: escape sequence `\.' treated as plain `.'
Apr 24 11:16:35 worker-2 vip-sync.sh[69987]: awk: warning: escape sequence `\.' treated as plain `.'
Apr 24 11:17:06 worker-2 vip-sync.sh[70014]: awk: warning: escape sequence `\.' treated as plain `.'
Apr 24 11:17:36 worker-2 vip-sync.sh[70036]: awk: warning: escape sequence `\.' treated as plain `.'
Apr 24 11:18:06 worker-2 vip-sync.sh[70060]: awk: warning: escape sequence `\.' treated as plain `.'
Apr 24 11:18:36 worker-2 vip-sync.sh[70084]: awk: warning: escape sequence `\.' treated as plain `.'
Apr 24 11:19:06 worker-2 vip-sync.sh[70108]: awk: warning: escape sequence `\.' treated as plain `.'
Apr 24 11:19:36 worker-2 vip-sync.sh[70130]: awk: warning: escape sequence `\.' treated as plain `.'
Apr 24 11:20:06 worker-2 vip-sync.sh[70159]: awk: warning: escape sequence `\.' treated as plain `.'
Apr 24 11:20:36 worker-2 vip-sync.sh[70183]: awk: warning: escape sequence `\.' treated as plain `.'
Apr 24 11:21:06 worker-2 vip-sync.sh[70205]: awk: warning: escape sequence `\.' treated as plain `.'
Apr 24 11:21:36 worker-2 vip-sync.sh[70231]: awk: warning: escape sequence `\.' treated as plain `.'
Apr 24 11:22:06 worker-2 vip-sync.sh[70254]: awk: warning: escape sequence `\.' treated as plain `.'
Apr 24 11:22:37 worker-2 vip-sync.sh[70278]: awk: warning: escape sequence `\.' treated as plain `.'
Apr 24 11:23:07 worker-2 vip-sync.sh[70300]: awk: warning: escape sequence `\.' treated as plain `.'
Apr 24 11:23:37 worker-2 vip-sync.sh[70325]: awk: warning: escape sequence `\.' treated as plain `.'
Apr 24 11:24:07 worker-2 vip-sync.sh[70348]: awk: warning: escape sequence `\.' treated as plain `.'
Apr 24 11:24:37 worker-2 vip-sync.sh[70373]: awk: warning: escape sequence `\.' treated as plain `.'
Apr 24 11:25:07 worker-2 vip-sync.sh[70399]: awk: warning: escape sequence `\.' treated as plain `.'
Apr 24 11:25:37 worker-2 vip-sync.sh[70423]: awk: warning: escape sequence `\.' treated as plain `.'
Apr 24 11:26:07 worker-2 vip-sync.sh[70446]: awk: warning: escape sequence `\.' treated as plain `.'
Apr 24 11:26:37 worker-2 vip-sync.sh[70470]: awk: warning: escape sequence `\.' treated as plain `.'
Apr 24 11:27:07 worker-2 vip-sync.sh[70492]: awk: warning: escape sequence `\.' treated as plain `.'
Apr 24 11:27:37 worker-2 vip-sync.sh[70516]: awk: warning: escape sequence `\.' treated as plain `.'
Apr 24 11:28:07 worker-2 vip-sync.sh[70538]: awk: warning: escape sequence `\.' treated as plain `.'
Apr 24 11:28:37 worker-2 vip-sync.sh[70563]: awk: warning: escape sequence `\.' treated as plain `.'
Apr 24 11:29:08 worker-2 vip-sync.sh[70585]: awk: warning: escape sequence `\.' treated as plain `.'
Apr 24 11:29:38 worker-2 vip-sync.sh[70610]: awk: warning: escape sequence `\.' treated as plain `.'
Apr 24 11:30:08 worker-2 vip-sync.sh[70633]: awk: warning: escape sequence `\.' treated as plain `.'
Apr 24 11:30:38 worker-2 vip-sync.sh[70661]: awk: warning: escape sequence `\.' treated as plain `.'
Apr 24 11:31:08 worker-2 vip-sync.sh[70684]: awk: warning: escape sequence `\.' treated as plain `.'
Apr 24 11:31:38 worker-2 vip-sync.sh[70708]: awk: warning: escape sequence `\.' treated as plain `.'
Apr 24 11:32:08 worker-2 vip-sync.sh[70731]: awk: warning: escape sequence `\.' treated as plain `.'
Apr 24 11:32:38 worker-2 vip-sync.sh[70755]: awk: warning: escape sequence `\.' treated as plain `.'
Apr 24 11:33:08 worker-2 vip-sync.sh[70777]: awk: warning: escape sequence `\.' treated as plain `.'
Apr 24 11:33:38 worker-2 vip-sync.sh[70802]: awk: warning: escape sequence `\.' treated as plain `.'
Apr 24 11:34:08 worker-2 vip-sync.sh[70825]: awk: warning: escape sequence `\.' treated as plain `.'
Apr 24 11:34:38 worker-2 vip-sync.sh[70849]: awk: warning: escape sequence `\.' treated as plain `.'
Apr 24 11:35:09 worker-2 vip-sync.sh[70874]: awk: warning: escape sequence `\.' treated as plain `.'
Apr 24 11:35:39 worker-2 vip-sync.sh[70899]: awk: warning: escape sequence `\.' treated as plain `.'
Apr 24 11:36:09 worker-2 vip-sync.sh[70921]: awk: warning: escape sequence `\.' treated as plain `.'
Apr 24 11:36:39 worker-2 vip-sync.sh[70945]: awk: warning: escape sequence `\.' treated as plain `.'
Apr 24 11:37:09 worker-2 vip-sync.sh[71141]: awk: warning: escape sequence `\.' treated as plain `.'
Apr 24 11:37:39 worker-2 vip-sync.sh[71166]: awk: warning: escape sequence `\.' treated as plain `.'
Apr 24 11:38:09 worker-2 vip-sync.sh[71188]: awk: warning: escape sequence `\.' treated as plain `.'
Apr 24 11:38:39 worker-2 vip-sync.sh[71213]: awk: warning: escape sequence `\.' treated as plain `.'
Apr 24 11:39:09 worker-2 vip-sync.sh[71235]: awk: warning: escape sequence `\.' treated as plain `.'
Apr 24 11:39:39 worker-2 vip-sync.sh[71259]: awk: warning: escape sequence `\.' treated as plain `.'
Apr 24 11:40:09 worker-2 vip-sync.sh[71281]: awk: warning: escape sequence `\.' treated as plain `.'
Apr 24 11:40:39 worker-2 vip-sync.sh[71309]: awk: warning: escape sequence `\.' treated as plain `.'
Apr 24 11:41:10 worker-2 vip-sync.sh[71331]: awk: warning: escape sequence `\.' treated as plain `.'
Apr 24 11:41:40 worker-2 vip-sync.sh[71355]: awk: warning: escape sequence `\.' treated as plain `.'
Apr 24 11:42:10 worker-2 vip-sync.sh[71379]: awk: warning: escape sequence `\.' treated as plain `.'
Apr 24 11:42:40 worker-2 vip-sync.sh[71404]: awk: warning: escape sequence `\.' treated as plain `.'
Apr 24 11:43:10 worker-2 vip-sync.sh[71426]: awk: warning: escape sequence `\.' treated as plain `.'
Apr 24 11:43:40 worker-2 vip-sync.sh[71452]: awk: warning: escape sequence `\.' treated as plain `.'
Apr 24 11:44:10 worker-2 vip-sync.sh[71474]: awk: warning: escape sequence `\.' treated as plain `.'
Apr 24 11:44:40 worker-2 vip-sync.sh[71498]: awk: warning: escape sequence `\.' treated as plain `.'
Apr 24 11:45:10 worker-2 vip-sync.sh[71523]: awk: warning: escape sequence `\.' treated as plain `.'
Apr 24 11:45:40 worker-2 vip-sync.sh[71547]: awk: warning: escape sequence `\.' treated as plain `.'
Apr 24 11:46:10 worker-2 vip-sync.sh[71570]: awk: warning: escape sequence `\.' treated as plain `.'
Apr 24 11:46:41 worker-2 vip-sync.sh[71594]: awk: warning: escape sequence `\.' treated as plain `.'
Apr 24 11:47:11 worker-2 vip-sync.sh[71616]: awk: warning: escape sequence `\.' treated as plain `.'
Apr 24 11:47:41 worker-2 vip-sync.sh[71640]: awk: warning: escape sequence `\.' treated as plain `.'
Apr 24 11:48:11 worker-2 vip-sync.sh[71662]: awk: warning: escape sequence `\.' treated as plain `.'
Apr 24 11:48:41 worker-2 vip-sync.sh[71688]: awk: warning: escape sequence `\.' treated as plain `.'
Apr 24 11:49:11 worker-2 vip-sync.sh[71710]: awk: warning: escape sequence `\.' treated as plain `.'
Apr 24 11:49:41 worker-2 vip-sync.sh[71735]: awk: warning: escape sequence `\.' treated as plain `.'
Apr 24 11:50:11 worker-2 vip-sync.sh[71762]: awk: warning: escape sequence `\.' treated as plain `.'
Apr 24 11:50:41 worker-2 vip-sync.sh[71786]: awk: warning: escape sequence `\.' treated as plain `.'
Apr 24 11:51:11 worker-2 vip-sync.sh[71808]: awk: warning: escape sequence `\.' treated as plain `.'
Apr 24 11:51:41 worker-2 vip-sync.sh[71832]: awk: warning: escape sequence `\.' treated as plain `.'
Apr 24 11:52:11 worker-2 vip-sync.sh[71855]: awk: warning: escape sequence `\.' treated as plain `.'
Apr 24 11:52:41 worker-2 vip-sync.sh[71879]: awk: warning: escape sequence `\.' treated as plain `.'
Apr 24 11:53:12 worker-2 vip-sync.sh[71901]: awk: warning: escape sequence `\.' treated as plain `.'
Apr 24 11:53:42 worker-2 vip-sync.sh[71927]: awk: warning: escape sequence `\.' treated as plain `.'
Apr 24 11:54:12 worker-2 vip-sync.sh[71949]: awk: warning: escape sequence `\.' treated as plain `.'
Apr 24 11:54:42 worker-2 vip-sync.sh[71973]: awk: warning: escape sequence `\.' treated as plain `.'
Apr 24 11:55:12 worker-2 vip-sync.sh[71999]: awk: warning: escape sequence `\.' treated as plain `.'
Apr 24 11:55:42 worker-2 vip-sync.sh[72023]: awk: warning: escape sequence `\.' treated as plain `.'
Apr 24 11:56:12 worker-2 vip-sync.sh[72086]: awk: warning: escape sequence `\.' treated as plain `.'
Apr 24 11:56:42 worker-2 vip-sync.sh[72110]: awk: warning: escape sequence `\.' treated as plain `.'
Apr 24 11:57:12 worker-2 vip-sync.sh[72132]: awk: warning: escape sequence `\.' treated as plain `.'
Apr 24 11:57:42 worker-2 vip-sync.sh[72157]: awk: warning: escape sequence `\.' treated as plain `.'
Apr 24 11:58:12 worker-2 vip-sync.sh[72350]: awk: warning: escape sequence `\.' treated as plain `.'
Apr 24 11:58:43 worker-2 vip-sync.sh[72496]: awk: warning: escape sequence `\.' treated as plain `.'
Apr 24 11:59:13 worker-2 vip-sync.sh[72648]: awk: warning: escape sequence `\.' treated as plain `.'
Apr 24 11:59:43 worker-2 vip-sync.sh[72672]: awk: warning: escape sequence `\.' treated as plain `.'
Apr 24 12:00:13 worker-2 vip-sync.sh[72697]: awk: warning: escape sequence `\.' treated as plain `.'
Apr 24 12:00:43 worker-2 vip-sync.sh[72850]: awk: warning: escape sequence `\.' treated as plain `.'
Apr 24 12:01:13 worker-2 vip-sync.sh[72876]: awk: warning: escape sequence `\.' treated as plain `.'
Apr 24 12:01:43 worker-2 vip-sync.sh[72900]: awk: warning: escape sequence `\.' treated as plain `.'
