# $ sudo journalctl -u vip-sync --no-pager -n 1000
# 2026-04-24T12:02:47+00:00

Apr 24 10:14:57 worker-3 systemd[1]: Started vip-sync.service - VIP sync (Kubernetes LoadBalancer IPs -> lo).
Apr 24 10:14:57 worker-3 vip-sync.sh[65407]: awk: warning: escape sequence `\.' treated as plain `.'
Apr 24 10:14:57 worker-3 vip-sync[65414]: added 192.168.100.1/32 to lo
Apr 24 10:14:57 worker-3 vip-sync[65420]: added 192.168.100.3/32 to lo
Apr 24 10:15:27 worker-3 vip-sync.sh[65678]: awk: warning: escape sequence `\.' treated as plain `.'
Apr 24 10:15:57 worker-3 vip-sync.sh[66012]: awk: warning: escape sequence `\.' treated as plain `.'
Apr 24 10:16:27 worker-3 vip-sync.sh[66036]: awk: warning: escape sequence `\.' treated as plain `.'
Apr 24 10:16:57 worker-3 vip-sync.sh[66058]: awk: warning: escape sequence `\.' treated as plain `.'
Apr 24 10:17:27 worker-3 vip-sync.sh[66085]: awk: warning: escape sequence `\.' treated as plain `.'
Apr 24 10:17:57 worker-3 vip-sync.sh[66108]: awk: warning: escape sequence `\.' treated as plain `.'
Apr 24 10:18:27 worker-3 vip-sync.sh[66132]: awk: warning: escape sequence `\.' treated as plain `.'
Apr 24 10:18:57 worker-3 vip-sync.sh[66158]: awk: warning: escape sequence `\.' treated as plain `.'
Apr 24 10:19:27 worker-3 vip-sync.sh[66182]: awk: warning: escape sequence `\.' treated as plain `.'
Apr 24 10:19:57 worker-3 vip-sync.sh[66206]: awk: warning: escape sequence `\.' treated as plain `.'
Apr 24 10:20:28 worker-3 vip-sync.sh[66233]: awk: warning: escape sequence `\.' treated as plain `.'
Apr 24 10:20:58 worker-3 vip-sync.sh[66256]: awk: warning: escape sequence `\.' treated as plain `.'
Apr 24 10:21:28 worker-3 vip-sync.sh[66394]: awk: warning: escape sequence `\.' treated as plain `.'
Apr 24 10:21:58 worker-3 vip-sync.sh[66416]: awk: warning: escape sequence `\.' treated as plain `.'
Apr 24 10:22:28 worker-3 vip-sync.sh[66440]: awk: warning: escape sequence `\.' treated as plain `.'
Apr 24 10:22:58 worker-3 vip-sync.sh[66462]: awk: warning: escape sequence `\.' treated as plain `.'
Apr 24 10:23:28 worker-3 vip-sync.sh[66486]: awk: warning: escape sequence `\.' treated as plain `.'
Apr 24 10:23:58 worker-3 vip-sync.sh[66508]: awk: warning: escape sequence `\.' treated as plain `.'
Apr 24 10:24:28 worker-3 vip-sync.sh[66534]: awk: warning: escape sequence `\.' treated as plain `.'
Apr 24 10:24:58 worker-3 vip-sync.sh[66556]: awk: warning: escape sequence `\.' treated as plain `.'
Apr 24 10:25:28 worker-3 vip-sync.sh[66583]: awk: warning: escape sequence `\.' treated as plain `.'
Apr 24 10:25:59 worker-3 vip-sync.sh[66607]: awk: warning: escape sequence `\.' treated as plain `.'
Apr 24 10:26:29 worker-3 vip-sync.sh[66745]: awk: warning: escape sequence `\.' treated as plain `.'
Apr 24 10:26:59 worker-3 vip-sync.sh[66768]: awk: warning: escape sequence `\.' treated as plain `.'
Apr 24 10:27:29 worker-3 vip-sync.sh[66792]: awk: warning: escape sequence `\.' treated as plain `.'
Apr 24 10:27:59 worker-3 vip-sync.sh[66816]: awk: warning: escape sequence `\.' treated as plain `.'
Apr 24 10:28:29 worker-3 vip-sync.sh[66958]: awk: warning: escape sequence `\.' treated as plain `.'
Apr 24 10:28:59 worker-3 vip-sync.sh[67034]: awk: warning: escape sequence `\.' treated as plain `.'
Apr 24 10:29:29 worker-3 vip-sync.sh[67058]: awk: warning: escape sequence `\.' treated as plain `.'
Apr 24 10:29:59 worker-3 vip-sync.sh[67081]: awk: warning: escape sequence `\.' treated as plain `.'
Apr 24 10:30:29 worker-3 vip-sync.sh[67107]: awk: warning: escape sequence `\.' treated as plain `.'
Apr 24 10:30:59 worker-3 vip-sync.sh[67131]: awk: warning: escape sequence `\.' treated as plain `.'
Apr 24 10:31:29 worker-3 vip-sync.sh[67156]: awk: warning: escape sequence `\.' treated as plain `.'
Apr 24 10:32:00 worker-3 vip-sync.sh[67179]: awk: warning: escape sequence `\.' treated as plain `.'
Apr 24 10:32:30 worker-3 vip-sync.sh[67203]: awk: warning: escape sequence `\.' treated as plain `.'
Apr 24 10:33:00 worker-3 vip-sync.sh[67225]: awk: warning: escape sequence `\.' treated as plain `.'
Apr 24 10:33:30 worker-3 vip-sync.sh[67250]: awk: warning: escape sequence `\.' treated as plain `.'
Apr 24 10:34:00 worker-3 vip-sync.sh[67273]: awk: warning: escape sequence `\.' treated as plain `.'
Apr 24 10:34:30 worker-3 vip-sync.sh[67297]: awk: warning: escape sequence `\.' treated as plain `.'
Apr 24 10:35:00 worker-3 vip-sync.sh[67319]: awk: warning: escape sequence `\.' treated as plain `.'
Apr 24 10:35:30 worker-3 vip-sync.sh[67348]: awk: warning: escape sequence `\.' treated as plain `.'
Apr 24 10:36:00 worker-3 vip-sync.sh[67371]: awk: warning: escape sequence `\.' treated as plain `.'
Apr 24 10:36:30 worker-3 vip-sync.sh[68131]: awk: warning: escape sequence `\.' treated as plain `.'
Apr 24 10:37:00 worker-3 vip-sync.sh[68154]: awk: warning: escape sequence `\.' treated as plain `.'
Apr 24 10:37:30 worker-3 vip-sync.sh[68179]: awk: warning: escape sequence `\.' treated as plain `.'
Apr 24 10:38:01 worker-3 vip-sync.sh[68202]: awk: warning: escape sequence `\.' treated as plain `.'
Apr 24 10:38:31 worker-3 vip-sync.sh[68226]: awk: warning: escape sequence `\.' treated as plain `.'
Apr 24 10:39:01 worker-3 vip-sync.sh[68249]: awk: warning: escape sequence `\.' treated as plain `.'
Apr 24 10:39:31 worker-3 vip-sync.sh[68273]: awk: warning: escape sequence `\.' treated as plain `.'
Apr 24 10:40:01 worker-3 vip-sync.sh[68296]: awk: warning: escape sequence `\.' treated as plain `.'
Apr 24 10:40:31 worker-3 vip-sync.sh[68323]: awk: warning: escape sequence `\.' treated as plain `.'
Apr 24 10:41:01 worker-3 vip-sync.sh[68347]: awk: warning: escape sequence `\.' treated as plain `.'
Apr 24 10:41:31 worker-3 vip-sync.sh[68371]: awk: warning: escape sequence `\.' treated as plain `.'
Apr 24 10:42:01 worker-3 vip-sync.sh[68393]: awk: warning: escape sequence `\.' treated as plain `.'
Apr 24 10:42:31 worker-3 vip-sync.sh[68418]: awk: warning: escape sequence `\.' treated as plain `.'
Apr 24 10:43:01 worker-3 vip-sync.sh[68440]: awk: warning: escape sequence `\.' treated as plain `.'
Apr 24 10:43:31 worker-3 vip-sync.sh[68465]: awk: warning: escape sequence `\.' treated as plain `.'
Apr 24 10:44:02 worker-3 vip-sync.sh[68487]: awk: warning: escape sequence `\.' treated as plain `.'
Apr 24 10:44:32 worker-3 vip-sync.sh[68512]: awk: warning: escape sequence `\.' treated as plain `.'
Apr 24 10:45:02 worker-3 vip-sync.sh[68538]: awk: warning: escape sequence `\.' treated as plain `.'
Apr 24 10:45:32 worker-3 vip-sync.sh[68563]: awk: warning: escape sequence `\.' treated as plain `.'
Apr 24 10:46:02 worker-3 vip-sync.sh[68586]: awk: warning: escape sequence `\.' treated as plain `.'
Apr 24 10:46:32 worker-3 vip-sync.sh[68611]: awk: warning: escape sequence `\.' treated as plain `.'
Apr 24 10:47:02 worker-3 vip-sync.sh[68635]: awk: warning: escape sequence `\.' treated as plain `.'
Apr 24 10:47:32 worker-3 vip-sync.sh[68660]: awk: warning: escape sequence `\.' treated as plain `.'
Apr 24 10:48:02 worker-3 vip-sync.sh[68742]: awk: warning: escape sequence `\.' treated as plain `.'
Apr 24 10:48:32 worker-3 vip-sync.sh[69273]: awk: warning: escape sequence `\.' treated as plain `.'
Apr 24 10:49:02 worker-3 vip-sync.sh[69296]: awk: warning: escape sequence `\.' treated as plain `.'
Apr 24 10:49:32 worker-3 vip-sync.sh[69320]: awk: warning: escape sequence `\.' treated as plain `.'
Apr 24 10:50:03 worker-3 vip-sync.sh[69343]: awk: warning: escape sequence `\.' treated as plain `.'
Apr 24 10:50:33 worker-3 vip-sync.sh[69371]: awk: warning: escape sequence `\.' treated as plain `.'
Apr 24 10:51:03 worker-3 vip-sync.sh[69395]: awk: warning: escape sequence `\.' treated as plain `.'
Apr 24 10:51:33 worker-3 vip-sync.sh[69419]: awk: warning: escape sequence `\.' treated as plain `.'
Apr 24 10:52:03 worker-3 vip-sync.sh[69442]: awk: warning: escape sequence `\.' treated as plain `.'
Apr 24 10:52:33 worker-3 vip-sync.sh[69467]: awk: warning: escape sequence `\.' treated as plain `.'
Apr 24 10:53:03 worker-3 vip-sync.sh[69489]: awk: warning: escape sequence `\.' treated as plain `.'
Apr 24 10:53:33 worker-3 vip-sync.sh[69514]: awk: warning: escape sequence `\.' treated as plain `.'
Apr 24 10:54:03 worker-3 vip-sync.sh[69536]: awk: warning: escape sequence `\.' treated as plain `.'
Apr 24 10:54:33 worker-3 vip-sync.sh[69560]: awk: warning: escape sequence `\.' treated as plain `.'
Apr 24 10:55:03 worker-3 vip-sync.sh[69585]: awk: warning: escape sequence `\.' treated as plain `.'
Apr 24 10:55:33 worker-3 vip-sync.sh[69610]: awk: warning: escape sequence `\.' treated as plain `.'
Apr 24 10:56:04 worker-3 vip-sync.sh[70200]: awk: warning: escape sequence `\.' treated as plain `.'
Apr 24 10:56:34 worker-3 vip-sync.sh[70224]: awk: warning: escape sequence `\.' treated as plain `.'
Apr 24 10:57:04 worker-3 vip-sync.sh[70247]: awk: warning: escape sequence `\.' treated as plain `.'
Apr 24 10:57:34 worker-3 vip-sync.sh[70271]: awk: warning: escape sequence `\.' treated as plain `.'
Apr 24 10:58:04 worker-3 vip-sync.sh[70293]: awk: warning: escape sequence `\.' treated as plain `.'
Apr 24 10:58:34 worker-3 vip-sync.sh[70318]: awk: warning: escape sequence `\.' treated as plain `.'
Apr 24 10:59:04 worker-3 vip-sync.sh[70340]: awk: warning: escape sequence `\.' treated as plain `.'
Apr 24 10:59:34 worker-3 vip-sync.sh[70365]: awk: warning: escape sequence `\.' treated as plain `.'
Apr 24 11:00:04 worker-3 vip-sync.sh[70387]: awk: warning: escape sequence `\.' treated as plain `.'
Apr 24 11:00:34 worker-3 vip-sync.sh[70413]: awk: warning: escape sequence `\.' treated as plain `.'
Apr 24 11:01:04 worker-3 vip-sync.sh[70438]: awk: warning: escape sequence `\.' treated as plain `.'
Apr 24 11:01:34 worker-3 vip-sync.sh[70462]: awk: warning: escape sequence `\.' treated as plain `.'
Apr 24 11:02:05 worker-3 vip-sync.sh[70484]: awk: warning: escape sequence `\.' treated as plain `.'
Apr 24 11:02:35 worker-3 vip-sync.sh[70508]: awk: warning: escape sequence `\.' treated as plain `.'
Apr 24 11:03:05 worker-3 vip-sync.sh[70530]: awk: warning: escape sequence `\.' treated as plain `.'
Apr 24 11:03:35 worker-3 vip-sync.sh[70554]: awk: warning: escape sequence `\.' treated as plain `.'
Apr 24 11:04:05 worker-3 vip-sync.sh[70576]: awk: warning: escape sequence `\.' treated as plain `.'
Apr 24 11:04:35 worker-3 vip-sync.sh[70600]: awk: warning: escape sequence `\.' treated as plain `.'
Apr 24 11:05:05 worker-3 vip-sync.sh[70626]: awk: warning: escape sequence `\.' treated as plain `.'
Apr 24 11:05:35 worker-3 vip-sync.sh[70650]: awk: warning: escape sequence `\.' treated as plain `.'
Apr 24 11:06:05 worker-3 vip-sync.sh[70802]: awk: warning: escape sequence `\.' treated as plain `.'
Apr 24 11:06:35 worker-3 vip-sync.sh[71001]: awk: warning: escape sequence `\.' treated as plain `.'
Apr 24 11:07:05 worker-3 vip-sync.sh[71023]: awk: warning: escape sequence `\.' treated as plain `.'
Apr 24 11:07:35 worker-3 vip-sync.sh[71048]: awk: warning: escape sequence `\.' treated as plain `.'
Apr 24 11:08:06 worker-3 vip-sync.sh[71070]: awk: warning: escape sequence `\.' treated as plain `.'
Apr 24 11:08:36 worker-3 vip-sync.sh[71095]: awk: warning: escape sequence `\.' treated as plain `.'
Apr 24 11:09:06 worker-3 vip-sync.sh[71117]: awk: warning: escape sequence `\.' treated as plain `.'
Apr 24 11:09:36 worker-3 vip-sync.sh[71201]: awk: warning: escape sequence `\.' treated as plain `.'
Apr 24 11:10:06 worker-3 vip-sync.sh[71277]: awk: warning: escape sequence `\.' treated as plain `.'
Apr 24 11:10:36 worker-3 vip-sync.sh[71806]: awk: warning: escape sequence `\.' treated as plain `.'
Apr 24 11:11:06 worker-3 vip-sync.sh[71831]: awk: warning: escape sequence `\.' treated as plain `.'
Apr 24 11:11:36 worker-3 vip-sync.sh[71857]: awk: warning: escape sequence `\.' treated as plain `.'
Apr 24 11:12:06 worker-3 vip-sync.sh[71880]: awk: warning: escape sequence `\.' treated as plain `.'
Apr 24 11:12:36 worker-3 vip-sync.sh[71904]: awk: warning: escape sequence `\.' treated as plain `.'
Apr 24 11:13:06 worker-3 vip-sync.sh[71926]: awk: warning: escape sequence `\.' treated as plain `.'
Apr 24 11:13:36 worker-3 vip-sync.sh[71951]: awk: warning: escape sequence `\.' treated as plain `.'
Apr 24 11:14:06 worker-3 vip-sync.sh[71975]: awk: warning: escape sequence `\.' treated as plain `.'
Apr 24 11:14:37 worker-3 vip-sync.sh[71998]: awk: warning: escape sequence `\.' treated as plain `.'
Apr 24 11:15:07 worker-3 vip-sync.sh[72025]: awk: warning: escape sequence `\.' treated as plain `.'
Apr 24 11:15:37 worker-3 vip-sync.sh[72047]: awk: warning: escape sequence `\.' treated as plain `.'
Apr 24 11:16:07 worker-3 vip-sync.sh[72072]: awk: warning: escape sequence `\.' treated as plain `.'
Apr 24 11:16:37 worker-3 vip-sync.sh[72094]: awk: warning: escape sequence `\.' treated as plain `.'
Apr 24 11:17:07 worker-3 vip-sync.sh[72122]: awk: warning: escape sequence `\.' treated as plain `.'
Apr 24 11:17:37 worker-3 vip-sync.sh[72145]: awk: warning: escape sequence `\.' treated as plain `.'
Apr 24 11:18:07 worker-3 vip-sync.sh[72170]: awk: warning: escape sequence `\.' treated as plain `.'
Apr 24 11:18:37 worker-3 vip-sync.sh[72192]: awk: warning: escape sequence `\.' treated as plain `.'
Apr 24 11:19:07 worker-3 vip-sync.sh[72216]: awk: warning: escape sequence `\.' treated as plain `.'
Apr 24 11:19:37 worker-3 vip-sync.sh[72239]: awk: warning: escape sequence `\.' treated as plain `.'
Apr 24 11:20:07 worker-3 vip-sync.sh[72267]: awk: warning: escape sequence `\.' treated as plain `.'
Apr 24 11:20:38 worker-3 vip-sync.sh[72289]: awk: warning: escape sequence `\.' treated as plain `.'
Apr 24 11:21:08 worker-3 vip-sync.sh[72314]: awk: warning: escape sequence `\.' treated as plain `.'
Apr 24 11:21:38 worker-3 vip-sync.sh[72337]: awk: warning: escape sequence `\.' treated as plain `.'
Apr 24 11:22:08 worker-3 vip-sync.sh[72362]: awk: warning: escape sequence `\.' treated as plain `.'
Apr 24 11:22:38 worker-3 vip-sync.sh[72385]: awk: warning: escape sequence `\.' treated as plain `.'
Apr 24 11:23:08 worker-3 vip-sync.sh[72410]: awk: warning: escape sequence `\.' treated as plain `.'
Apr 24 11:23:38 worker-3 vip-sync.sh[72432]: awk: warning: escape sequence `\.' treated as plain `.'
Apr 24 11:24:08 worker-3 vip-sync.sh[72457]: awk: warning: escape sequence `\.' treated as plain `.'
Apr 24 11:24:38 worker-3 vip-sync.sh[72479]: awk: warning: escape sequence `\.' treated as plain `.'
Apr 24 11:25:08 worker-3 vip-sync.sh[72506]: awk: warning: escape sequence `\.' treated as plain `.'
Apr 24 11:25:38 worker-3 vip-sync.sh[72528]: awk: warning: escape sequence `\.' treated as plain `.'
Apr 24 11:26:08 worker-3 vip-sync.sh[72553]: awk: warning: escape sequence `\.' treated as plain `.'
Apr 24 11:26:38 worker-3 vip-sync.sh[72575]: awk: warning: escape sequence `\.' treated as plain `.'
Apr 24 11:27:09 worker-3 vip-sync.sh[72599]: awk: warning: escape sequence `\.' treated as plain `.'
Apr 24 11:27:39 worker-3 vip-sync.sh[72621]: awk: warning: escape sequence `\.' treated as plain `.'
Apr 24 11:28:09 worker-3 vip-sync.sh[72645]: awk: warning: escape sequence `\.' treated as plain `.'
Apr 24 11:28:39 worker-3 vip-sync.sh[72668]: awk: warning: escape sequence `\.' treated as plain `.'
Apr 24 11:29:09 worker-3 vip-sync.sh[72692]: awk: warning: escape sequence `\.' treated as plain `.'
Apr 24 11:29:39 worker-3 vip-sync.sh[72715]: awk: warning: escape sequence `\.' treated as plain `.'
Apr 24 11:30:09 worker-3 vip-sync.sh[72743]: awk: warning: escape sequence `\.' treated as plain `.'
Apr 24 11:30:39 worker-3 vip-sync.sh[72765]: awk: warning: escape sequence `\.' treated as plain `.'
Apr 24 11:31:09 worker-3 vip-sync.sh[72790]: awk: warning: escape sequence `\.' treated as plain `.'
Apr 24 11:31:39 worker-3 vip-sync.sh[72812]: awk: warning: escape sequence `\.' treated as plain `.'
Apr 24 11:32:09 worker-3 vip-sync.sh[72836]: awk: warning: escape sequence `\.' treated as plain `.'
Apr 24 11:32:40 worker-3 vip-sync.sh[72873]: awk: warning: escape sequence `\.' treated as plain `.'
Apr 24 11:33:10 worker-3 vip-sync.sh[72898]: awk: warning: escape sequence `\.' treated as plain `.'
Apr 24 11:33:40 worker-3 vip-sync.sh[72920]: awk: warning: escape sequence `\.' treated as plain `.'
Apr 24 11:34:10 worker-3 vip-sync.sh[72945]: awk: warning: escape sequence `\.' treated as plain `.'
Apr 24 11:34:40 worker-3 vip-sync.sh[72968]: awk: warning: escape sequence `\.' treated as plain `.'
Apr 24 11:35:10 worker-3 vip-sync.sh[72996]: awk: warning: escape sequence `\.' treated as plain `.'
Apr 24 11:35:40 worker-3 vip-sync.sh[73018]: awk: warning: escape sequence `\.' treated as plain `.'
Apr 24 11:36:10 worker-3 vip-sync.sh[73044]: awk: warning: escape sequence `\.' treated as plain `.'
Apr 24 11:36:40 worker-3 vip-sync.sh[73238]: awk: warning: escape sequence `\.' treated as plain `.'
Apr 24 11:37:10 worker-3 vip-sync.sh[73262]: awk: warning: escape sequence `\.' treated as plain `.'
Apr 24 11:37:40 worker-3 vip-sync.sh[73289]: awk: warning: escape sequence `\.' treated as plain `.'
Apr 24 11:38:10 worker-3 vip-sync.sh[73313]: awk: warning: escape sequence `\.' treated as plain `.'
Apr 24 11:38:41 worker-3 vip-sync.sh[73335]: awk: warning: escape sequence `\.' treated as plain `.'
Apr 24 11:39:11 worker-3 vip-sync.sh[73360]: awk: warning: escape sequence `\.' treated as plain `.'
Apr 24 11:39:41 worker-3 vip-sync.sh[73384]: awk: warning: escape sequence `\.' treated as plain `.'
Apr 24 11:40:11 worker-3 vip-sync.sh[73408]: awk: warning: escape sequence `\.' treated as plain `.'
Apr 24 11:40:41 worker-3 vip-sync.sh[73433]: awk: warning: escape sequence `\.' treated as plain `.'
Apr 24 11:41:11 worker-3 vip-sync.sh[73461]: awk: warning: escape sequence `\.' treated as plain `.'
Apr 24 11:41:41 worker-3 vip-sync.sh[73483]: awk: warning: escape sequence `\.' treated as plain `.'
Apr 24 11:42:11 worker-3 vip-sync.sh[73507]: awk: warning: escape sequence `\.' treated as plain `.'
Apr 24 11:42:41 worker-3 vip-sync.sh[73530]: awk: warning: escape sequence `\.' treated as plain `.'
Apr 24 11:43:11 worker-3 vip-sync.sh[73554]: awk: warning: escape sequence `\.' treated as plain `.'
Apr 24 11:43:41 worker-3 vip-sync.sh[73576]: awk: warning: escape sequence `\.' treated as plain `.'
Apr 24 11:44:11 worker-3 vip-sync.sh[73600]: awk: warning: escape sequence `\.' treated as plain `.'
Apr 24 11:44:42 worker-3 vip-sync.sh[73622]: awk: warning: escape sequence `\.' treated as plain `.'
Apr 24 11:45:12 worker-3 vip-sync.sh[73649]: awk: warning: escape sequence `\.' treated as plain `.'
Apr 24 11:45:42 worker-3 vip-sync.sh[73672]: awk: warning: escape sequence `\.' treated as plain `.'
Apr 24 11:46:12 worker-3 vip-sync.sh[73697]: awk: warning: escape sequence `\.' treated as plain `.'
Apr 24 11:46:42 worker-3 vip-sync.sh[73719]: awk: warning: escape sequence `\.' treated as plain `.'
Apr 24 11:47:12 worker-3 vip-sync.sh[73744]: awk: warning: escape sequence `\.' treated as plain `.'
Apr 24 11:47:42 worker-3 vip-sync.sh[73766]: awk: warning: escape sequence `\.' treated as plain `.'
Apr 24 11:48:12 worker-3 vip-sync.sh[73790]: awk: warning: escape sequence `\.' treated as plain `.'
Apr 24 11:48:42 worker-3 vip-sync.sh[73812]: awk: warning: escape sequence `\.' treated as plain `.'
Apr 24 11:49:12 worker-3 vip-sync.sh[73837]: awk: warning: escape sequence `\.' treated as plain `.'
Apr 24 11:49:42 worker-3 vip-sync.sh[73860]: awk: warning: escape sequence `\.' treated as plain `.'
Apr 24 11:50:12 worker-3 vip-sync.sh[73887]: awk: warning: escape sequence `\.' treated as plain `.'
Apr 24 11:50:42 worker-3 vip-sync.sh[73910]: awk: warning: escape sequence `\.' treated as plain `.'
Apr 24 11:51:13 worker-3 vip-sync.sh[73934]: awk: warning: escape sequence `\.' treated as plain `.'
Apr 24 11:51:43 worker-3 vip-sync.sh[73956]: awk: warning: escape sequence `\.' treated as plain `.'
Apr 24 11:52:13 worker-3 vip-sync.sh[73982]: awk: warning: escape sequence `\.' treated as plain `.'
Apr 24 11:52:43 worker-3 vip-sync.sh[74004]: awk: warning: escape sequence `\.' treated as plain `.'
Apr 24 11:53:13 worker-3 vip-sync.sh[74030]: awk: warning: escape sequence `\.' treated as plain `.'
Apr 24 11:53:43 worker-3 vip-sync.sh[74052]: awk: warning: escape sequence `\.' treated as plain `.'
Apr 24 11:54:13 worker-3 vip-sync.sh[74076]: awk: warning: escape sequence `\.' treated as plain `.'
Apr 24 11:54:43 worker-3 vip-sync.sh[74098]: awk: warning: escape sequence `\.' treated as plain `.'
Apr 24 11:55:13 worker-3 vip-sync.sh[74125]: awk: warning: escape sequence `\.' treated as plain `.'
Apr 24 11:55:43 worker-3 vip-sync.sh[74148]: awk: warning: escape sequence `\.' treated as plain `.'
Apr 24 11:56:13 worker-3 vip-sync.sh[74172]: awk: warning: escape sequence `\.' treated as plain `.'
Apr 24 11:56:43 worker-3 vip-sync.sh[74194]: awk: warning: escape sequence `\.' treated as plain `.'
Apr 24 11:57:14 worker-3 vip-sync.sh[74219]: awk: warning: escape sequence `\.' treated as plain `.'
Apr 24 11:57:44 worker-3 vip-sync.sh[74241]: awk: warning: escape sequence `\.' treated as plain `.'
Apr 24 11:58:14 worker-3 vip-sync.sh[74437]: awk: warning: escape sequence `\.' treated as plain `.'
Apr 24 11:58:44 worker-3 vip-sync.sh[74580]: awk: warning: escape sequence `\.' treated as plain `.'
Apr 24 11:59:14 worker-3 vip-sync.sh[74734]: awk: warning: escape sequence `\.' treated as plain `.'
Apr 24 11:59:44 worker-3 vip-sync.sh[74757]: awk: warning: escape sequence `\.' treated as plain `.'
Apr 24 12:00:14 worker-3 vip-sync.sh[74782]: awk: warning: escape sequence `\.' treated as plain `.'
Apr 24 12:00:44 worker-3 vip-sync.sh[74938]: awk: warning: escape sequence `\.' treated as plain `.'
Apr 24 12:01:14 worker-3 vip-sync.sh[74963]: awk: warning: escape sequence `\.' treated as plain `.'
Apr 24 12:01:44 worker-3 vip-sync.sh[74985]: awk: warning: escape sequence `\.' treated as plain `.'
Apr 24 12:02:14 worker-3 vip-sync.sh[75140]: awk: warning: escape sequence `\.' treated as plain `.'
Apr 24 12:02:44 worker-3 vip-sync.sh[75162]: awk: warning: escape sequence `\.' treated as plain `.'
