# $ sudo journalctl -u vip-sync --no-pager -n 1000
# 2026-04-24T12:01:52+00:00

Apr 24 10:14:54 worker-1 systemd[1]: Started vip-sync.service - VIP sync (Kubernetes LoadBalancer IPs -> lo).
Apr 24 10:14:55 worker-1 vip-sync.sh[67216]: awk: warning: escape sequence `\.' treated as plain `.'
Apr 24 10:14:55 worker-1 vip-sync[67229]: added 192.168.100.3/32 to lo
Apr 24 10:15:25 worker-1 vip-sync.sh[67481]: awk: warning: escape sequence `\.' treated as plain `.'
Apr 24 10:15:55 worker-1 vip-sync.sh[67815]: awk: warning: escape sequence `\.' treated as plain `.'
Apr 24 10:16:25 worker-1 vip-sync.sh[67837]: awk: warning: escape sequence `\.' treated as plain `.'
Apr 24 10:16:55 worker-1 vip-sync.sh[67861]: awk: warning: escape sequence `\.' treated as plain `.'
Apr 24 10:17:25 worker-1 vip-sync.sh[67887]: awk: warning: escape sequence `\.' treated as plain `.'
Apr 24 10:17:55 worker-1 vip-sync.sh[67911]: awk: warning: escape sequence `\.' treated as plain `.'
Apr 24 10:18:25 worker-1 vip-sync.sh[67935]: awk: warning: escape sequence `\.' treated as plain `.'
Apr 24 10:18:55 worker-1 vip-sync.sh[67963]: awk: warning: escape sequence `\.' treated as plain `.'
Apr 24 10:19:25 worker-1 vip-sync.sh[67985]: awk: warning: escape sequence `\.' treated as plain `.'
Apr 24 10:19:55 worker-1 vip-sync.sh[68009]: awk: warning: escape sequence `\.' treated as plain `.'
Apr 24 10:20:25 worker-1 vip-sync.sh[68038]: awk: warning: escape sequence `\.' treated as plain `.'
Apr 24 10:20:56 worker-1 vip-sync.sh[68063]: awk: warning: escape sequence `\.' treated as plain `.'
Apr 24 10:21:26 worker-1 vip-sync.sh[68199]: awk: warning: escape sequence `\.' treated as plain `.'
Apr 24 10:21:56 worker-1 vip-sync.sh[68223]: awk: warning: escape sequence `\.' treated as plain `.'
Apr 24 10:22:26 worker-1 vip-sync.sh[68245]: awk: warning: escape sequence `\.' treated as plain `.'
Apr 24 10:22:56 worker-1 vip-sync.sh[68269]: awk: warning: escape sequence `\.' treated as plain `.'
Apr 24 10:23:26 worker-1 vip-sync.sh[68292]: awk: warning: escape sequence `\.' treated as plain `.'
Apr 24 10:23:56 worker-1 vip-sync.sh[68316]: awk: warning: escape sequence `\.' treated as plain `.'
Apr 24 10:24:26 worker-1 vip-sync.sh[68339]: awk: warning: escape sequence `\.' treated as plain `.'
Apr 24 10:24:56 worker-1 vip-sync.sh[68363]: awk: warning: escape sequence `\.' treated as plain `.'
Apr 24 10:25:26 worker-1 vip-sync.sh[68390]: awk: warning: escape sequence `\.' treated as plain `.'
Apr 24 10:25:56 worker-1 vip-sync.sh[68415]: awk: warning: escape sequence `\.' treated as plain `.'
Apr 24 10:26:27 worker-1 vip-sync.sh[68510]: awk: warning: escape sequence `\.' treated as plain `.'
Apr 24 10:26:57 worker-1 vip-sync.sh[68535]: awk: warning: escape sequence `\.' treated as plain `.'
Apr 24 10:27:27 worker-1 vip-sync.sh[68559]: awk: warning: escape sequence `\.' treated as plain `.'
Apr 24 10:27:57 worker-1 vip-sync.sh[68583]: awk: warning: escape sequence `\.' treated as plain `.'
Apr 24 10:28:27 worker-1 vip-sync.sh[68721]: awk: warning: escape sequence `\.' treated as plain `.'
Apr 24 10:28:57 worker-1 vip-sync.sh[68799]: awk: warning: escape sequence `\.' treated as plain `.'
Apr 24 10:29:27 worker-1 vip-sync.sh[68821]: awk: warning: escape sequence `\.' treated as plain `.'
Apr 24 10:29:57 worker-1 vip-sync.sh[68845]: awk: warning: escape sequence `\.' treated as plain `.'
Apr 24 10:30:27 worker-1 vip-sync.sh[68872]: awk: warning: escape sequence `\.' treated as plain `.'
Apr 24 10:30:57 worker-1 vip-sync.sh[68896]: awk: warning: escape sequence `\.' treated as plain `.'
Apr 24 10:31:27 worker-1 vip-sync.sh[68918]: awk: warning: escape sequence `\.' treated as plain `.'
Apr 24 10:31:58 worker-1 vip-sync.sh[68942]: awk: warning: escape sequence `\.' treated as plain `.'
Apr 24 10:32:28 worker-1 vip-sync.sh[68964]: awk: warning: escape sequence `\.' treated as plain `.'
Apr 24 10:32:58 worker-1 vip-sync.sh[68988]: awk: warning: escape sequence `\.' treated as plain `.'
Apr 24 10:33:28 worker-1 vip-sync.sh[69010]: awk: warning: escape sequence `\.' treated as plain `.'
Apr 24 10:33:58 worker-1 vip-sync.sh[69034]: awk: warning: escape sequence `\.' treated as plain `.'
Apr 24 10:34:28 worker-1 vip-sync.sh[69057]: awk: warning: escape sequence `\.' treated as plain `.'
Apr 24 10:34:58 worker-1 vip-sync.sh[69081]: awk: warning: escape sequence `\.' treated as plain `.'
Apr 24 10:35:28 worker-1 vip-sync.sh[69108]: awk: warning: escape sequence `\.' treated as plain `.'
Apr 24 10:35:58 worker-1 vip-sync.sh[69132]: awk: warning: escape sequence `\.' treated as plain `.'
Apr 24 10:36:28 worker-1 vip-sync.sh[69764]: awk: warning: escape sequence `\.' treated as plain `.'
Apr 24 10:36:58 worker-1 vip-sync.sh[69959]: awk: warning: escape sequence `\.' treated as plain `.'
Apr 24 10:37:28 worker-1 vip-sync.sh[69981]: awk: warning: escape sequence `\.' treated as plain `.'
Apr 24 10:37:59 worker-1 vip-sync.sh[70005]: awk: warning: escape sequence `\.' treated as plain `.'
Apr 24 10:38:29 worker-1 vip-sync.sh[70027]: awk: warning: escape sequence `\.' treated as plain `.'
Apr 24 10:38:59 worker-1 vip-sync.sh[70052]: awk: warning: escape sequence `\.' treated as plain `.'
Apr 24 10:39:29 worker-1 vip-sync.sh[70074]: awk: warning: escape sequence `\.' treated as plain `.'
Apr 24 10:39:59 worker-1 vip-sync.sh[70098]: awk: warning: escape sequence `\.' treated as plain `.'
Apr 24 10:40:29 worker-1 vip-sync.sh[70125]: awk: warning: escape sequence `\.' treated as plain `.'
Apr 24 10:40:59 worker-1 vip-sync.sh[70149]: awk: warning: escape sequence `\.' treated as plain `.'
Apr 24 10:41:29 worker-1 vip-sync.sh[70172]: awk: warning: escape sequence `\.' treated as plain `.'
Apr 24 10:41:59 worker-1 vip-sync.sh[70196]: awk: warning: escape sequence `\.' treated as plain `.'
Apr 24 10:42:29 worker-1 vip-sync.sh[70218]: awk: warning: escape sequence `\.' treated as plain `.'
Apr 24 10:42:59 worker-1 vip-sync.sh[70242]: awk: warning: escape sequence `\.' treated as plain `.'
Apr 24 10:43:29 worker-1 vip-sync.sh[70265]: awk: warning: escape sequence `\.' treated as plain `.'
Apr 24 10:44:00 worker-1 vip-sync.sh[70291]: awk: warning: escape sequence `\.' treated as plain `.'
Apr 24 10:44:30 worker-1 vip-sync.sh[70314]: awk: warning: escape sequence `\.' treated as plain `.'
Apr 24 10:45:00 worker-1 vip-sync.sh[70338]: awk: warning: escape sequence `\.' treated as plain `.'
Apr 24 10:45:30 worker-1 vip-sync.sh[70365]: awk: warning: escape sequence `\.' treated as plain `.'
Apr 24 10:46:00 worker-1 vip-sync.sh[70390]: awk: warning: escape sequence `\.' treated as plain `.'
Apr 24 10:46:30 worker-1 vip-sync.sh[70414]: awk: warning: escape sequence `\.' treated as plain `.'
Apr 24 10:47:00 worker-1 vip-sync.sh[70440]: awk: warning: escape sequence `\.' treated as plain `.'
Apr 24 10:47:30 worker-1 vip-sync.sh[70463]: awk: warning: escape sequence `\.' treated as plain `.'
Apr 24 10:48:00 worker-1 vip-sync.sh[70853]: awk: warning: escape sequence `\.' treated as plain `.'
Apr 24 10:48:30 worker-1 vip-sync.sh[71078]: awk: warning: escape sequence `\.' treated as plain `.'
Apr 24 10:49:00 worker-1 vip-sync.sh[71103]: awk: warning: escape sequence `\.' treated as plain `.'
Apr 24 10:49:30 worker-1 vip-sync.sh[71126]: awk: warning: escape sequence `\.' treated as plain `.'
Apr 24 10:50:01 worker-1 vip-sync.sh[71150]: awk: warning: escape sequence `\.' treated as plain `.'
Apr 24 10:50:31 worker-1 vip-sync.sh[71177]: awk: warning: escape sequence `\.' treated as plain `.'
Apr 24 10:51:01 worker-1 vip-sync.sh[71201]: awk: warning: escape sequence `\.' treated as plain `.'
Apr 24 10:51:31 worker-1 vip-sync.sh[71223]: awk: warning: escape sequence `\.' treated as plain `.'
Apr 24 10:52:01 worker-1 vip-sync.sh[71247]: awk: warning: escape sequence `\.' treated as plain `.'
Apr 24 10:52:31 worker-1 vip-sync.sh[71270]: awk: warning: escape sequence `\.' treated as plain `.'
Apr 24 10:53:01 worker-1 vip-sync.sh[71295]: awk: warning: escape sequence `\.' treated as plain `.'
Apr 24 10:53:31 worker-1 vip-sync.sh[71318]: awk: warning: escape sequence `\.' treated as plain `.'
Apr 24 10:54:01 worker-1 vip-sync.sh[71342]: awk: warning: escape sequence `\.' treated as plain `.'
Apr 24 10:54:31 worker-1 vip-sync.sh[71365]: awk: warning: escape sequence `\.' treated as plain `.'
Apr 24 10:55:01 worker-1 vip-sync.sh[71392]: awk: warning: escape sequence `\.' treated as plain `.'
Apr 24 10:55:32 worker-1 vip-sync.sh[71415]: awk: warning: escape sequence `\.' treated as plain `.'
Apr 24 10:56:02 worker-1 vip-sync.sh[72007]: awk: warning: escape sequence `\.' treated as plain `.'
Apr 24 10:56:32 worker-1 vip-sync.sh[72030]: awk: warning: escape sequence `\.' treated as plain `.'
Apr 24 10:57:02 worker-1 vip-sync.sh[72054]: awk: warning: escape sequence `\.' treated as plain `.'
Apr 24 10:57:32 worker-1 vip-sync.sh[72076]: awk: warning: escape sequence `\.' treated as plain `.'
Apr 24 10:58:02 worker-1 vip-sync.sh[72100]: awk: warning: escape sequence `\.' treated as plain `.'
Apr 24 10:58:32 worker-1 vip-sync.sh[72122]: awk: warning: escape sequence `\.' treated as plain `.'
Apr 24 10:59:02 worker-1 vip-sync.sh[72146]: awk: warning: escape sequence `\.' treated as plain `.'
Apr 24 10:59:32 worker-1 vip-sync.sh[72168]: awk: warning: escape sequence `\.' treated as plain `.'
Apr 24 11:00:02 worker-1 vip-sync.sh[72192]: awk: warning: escape sequence `\.' treated as plain `.'
Apr 24 11:00:32 worker-1 vip-sync.sh[72219]: awk: warning: escape sequence `\.' treated as plain `.'
Apr 24 11:01:02 worker-1 vip-sync.sh[72244]: awk: warning: escape sequence `\.' treated as plain `.'
Apr 24 11:01:33 worker-1 vip-sync.sh[72267]: awk: warning: escape sequence `\.' treated as plain `.'
Apr 24 11:02:03 worker-1 vip-sync.sh[72291]: awk: warning: escape sequence `\.' treated as plain `.'
Apr 24 11:02:33 worker-1 vip-sync.sh[72313]: awk: warning: escape sequence `\.' treated as plain `.'
Apr 24 11:03:03 worker-1 vip-sync.sh[72337]: awk: warning: escape sequence `\.' treated as plain `.'
Apr 24 11:03:33 worker-1 vip-sync.sh[72360]: awk: warning: escape sequence `\.' treated as plain `.'
Apr 24 11:04:03 worker-1 vip-sync.sh[72384]: awk: warning: escape sequence `\.' treated as plain `.'
Apr 24 11:04:33 worker-1 vip-sync.sh[72409]: awk: warning: escape sequence `\.' treated as plain `.'
Apr 24 11:05:03 worker-1 vip-sync.sh[72436]: awk: warning: escape sequence `\.' treated as plain `.'
Apr 24 11:05:33 worker-1 vip-sync.sh[72459]: awk: warning: escape sequence `\.' treated as plain `.'
Apr 24 11:06:03 worker-1 vip-sync.sh[72612]: awk: warning: escape sequence `\.' treated as plain `.'
Apr 24 11:06:33 worker-1 vip-sync.sh[72635]: awk: warning: escape sequence `\.' treated as plain `.'
Apr 24 11:07:03 worker-1 vip-sync.sh[72832]: awk: warning: escape sequence `\.' treated as plain `.'
Apr 24 11:07:34 worker-1 vip-sync.sh[72854]: awk: warning: escape sequence `\.' treated as plain `.'
Apr 24 11:08:04 worker-1 vip-sync.sh[72878]: awk: warning: escape sequence `\.' treated as plain `.'
Apr 24 11:08:34 worker-1 vip-sync.sh[72900]: awk: warning: escape sequence `\.' treated as plain `.'
Apr 24 11:09:04 worker-1 vip-sync.sh[72924]: awk: warning: escape sequence `\.' treated as plain `.'
Apr 24 11:09:34 worker-1 vip-sync.sh[73007]: awk: warning: escape sequence `\.' treated as plain `.'
Apr 24 11:10:04 worker-1 vip-sync.sh[73085]: awk: warning: escape sequence `\.' treated as plain `.'
Apr 24 11:10:34 worker-1 vip-sync.sh[73612]: awk: warning: escape sequence `\.' treated as plain `.'
Apr 24 11:11:04 worker-1 vip-sync.sh[73636]: awk: warning: escape sequence `\.' treated as plain `.'
Apr 24 11:11:34 worker-1 vip-sync.sh[73658]: awk: warning: escape sequence `\.' treated as plain `.'
Apr 24 11:12:04 worker-1 vip-sync.sh[73682]: awk: warning: escape sequence `\.' treated as plain `.'
Apr 24 11:12:34 worker-1 vip-sync.sh[73704]: awk: warning: escape sequence `\.' treated as plain `.'
Apr 24 11:13:04 worker-1 vip-sync.sh[73730]: awk: warning: escape sequence `\.' treated as plain `.'
Apr 24 11:13:35 worker-1 vip-sync.sh[73753]: awk: warning: escape sequence `\.' treated as plain `.'
Apr 24 11:14:05 worker-1 vip-sync.sh[73778]: awk: warning: escape sequence `\.' treated as plain `.'
Apr 24 11:14:35 worker-1 vip-sync.sh[73801]: awk: warning: escape sequence `\.' treated as plain `.'
Apr 24 11:15:05 worker-1 vip-sync.sh[73829]: awk: warning: escape sequence `\.' treated as plain `.'
Apr 24 11:15:35 worker-1 vip-sync.sh[73852]: awk: warning: escape sequence `\.' treated as plain `.'
Apr 24 11:16:05 worker-1 vip-sync.sh[73876]: awk: warning: escape sequence `\.' treated as plain `.'
Apr 24 11:16:35 worker-1 vip-sync.sh[73899]: awk: warning: escape sequence `\.' treated as plain `.'
Apr 24 11:17:05 worker-1 vip-sync.sh[73926]: awk: warning: escape sequence `\.' treated as plain `.'
Apr 24 11:17:35 worker-1 vip-sync.sh[73949]: awk: warning: escape sequence `\.' treated as plain `.'
Apr 24 11:18:05 worker-1 vip-sync.sh[73974]: awk: warning: escape sequence `\.' treated as plain `.'
Apr 24 11:18:35 worker-1 vip-sync.sh[74012]: awk: warning: escape sequence `\.' treated as plain `.'
Apr 24 11:19:06 worker-1 vip-sync.sh[74036]: awk: warning: escape sequence `\.' treated as plain `.'
Apr 24 11:19:36 worker-1 vip-sync.sh[74059]: awk: warning: escape sequence `\.' treated as plain `.'
Apr 24 11:20:06 worker-1 vip-sync.sh[74083]: awk: warning: escape sequence `\.' treated as plain `.'
Apr 24 11:20:36 worker-1 vip-sync.sh[74110]: awk: warning: escape sequence `\.' treated as plain `.'
Apr 24 11:21:06 worker-1 vip-sync.sh[74134]: awk: warning: escape sequence `\.' treated as plain `.'
Apr 24 11:21:36 worker-1 vip-sync.sh[74156]: awk: warning: escape sequence `\.' treated as plain `.'
Apr 24 11:22:06 worker-1 vip-sync.sh[74181]: awk: warning: escape sequence `\.' treated as plain `.'
Apr 24 11:22:36 worker-1 vip-sync.sh[74203]: awk: warning: escape sequence `\.' treated as plain `.'
Apr 24 11:23:06 worker-1 vip-sync.sh[74228]: awk: warning: escape sequence `\.' treated as plain `.'
Apr 24 11:23:36 worker-1 vip-sync.sh[74254]: awk: warning: escape sequence `\.' treated as plain `.'
Apr 24 11:24:06 worker-1 vip-sync.sh[74278]: awk: warning: escape sequence `\.' treated as plain `.'
Apr 24 11:24:36 worker-1 vip-sync.sh[74301]: awk: warning: escape sequence `\.' treated as plain `.'
Apr 24 11:25:07 worker-1 vip-sync.sh[74329]: awk: warning: escape sequence `\.' treated as plain `.'
Apr 24 11:25:37 worker-1 vip-sync.sh[74352]: awk: warning: escape sequence `\.' treated as plain `.'
Apr 24 11:26:07 worker-1 vip-sync.sh[74376]: awk: warning: escape sequence `\.' treated as plain `.'
Apr 24 11:26:37 worker-1 vip-sync.sh[74398]: awk: warning: escape sequence `\.' treated as plain `.'
Apr 24 11:27:07 worker-1 vip-sync.sh[74422]: awk: warning: escape sequence `\.' treated as plain `.'
Apr 24 11:27:37 worker-1 vip-sync.sh[74444]: awk: warning: escape sequence `\.' treated as plain `.'
Apr 24 11:28:07 worker-1 vip-sync.sh[74468]: awk: warning: escape sequence `\.' treated as plain `.'
Apr 24 11:28:37 worker-1 vip-sync.sh[74491]: awk: warning: escape sequence `\.' treated as plain `.'
Apr 24 11:29:07 worker-1 vip-sync.sh[74516]: awk: warning: escape sequence `\.' treated as plain `.'
Apr 24 11:29:37 worker-1 vip-sync.sh[74538]: awk: warning: escape sequence `\.' treated as plain `.'
Apr 24 11:30:07 worker-1 vip-sync.sh[74562]: awk: warning: escape sequence `\.' treated as plain `.'
Apr 24 11:30:37 worker-1 vip-sync.sh[74588]: awk: warning: escape sequence `\.' treated as plain `.'
Apr 24 11:31:07 worker-1 vip-sync.sh[74612]: awk: warning: escape sequence `\.' treated as plain `.'
Apr 24 11:31:38 worker-1 vip-sync.sh[74634]: awk: warning: escape sequence `\.' treated as plain `.'
Apr 24 11:32:08 worker-1 vip-sync.sh[74658]: awk: warning: escape sequence `\.' treated as plain `.'
Apr 24 11:32:38 worker-1 vip-sync.sh[74680]: awk: warning: escape sequence `\.' treated as plain `.'
Apr 24 11:33:08 worker-1 vip-sync.sh[74704]: awk: warning: escape sequence `\.' treated as plain `.'
Apr 24 11:33:38 worker-1 vip-sync.sh[74726]: awk: warning: escape sequence `\.' treated as plain `.'
Apr 24 11:34:08 worker-1 vip-sync.sh[74750]: awk: warning: escape sequence `\.' treated as plain `.'
Apr 24 11:34:38 worker-1 vip-sync.sh[74774]: awk: warning: escape sequence `\.' treated as plain `.'
Apr 24 11:35:08 worker-1 vip-sync.sh[74801]: awk: warning: escape sequence `\.' treated as plain `.'
Apr 24 11:35:38 worker-1 vip-sync.sh[74824]: awk: warning: escape sequence `\.' treated as plain `.'
Apr 24 11:36:08 worker-1 vip-sync.sh[74849]: awk: warning: escape sequence `\.' treated as plain `.'
Apr 24 11:36:38 worker-1 vip-sync.sh[74871]: awk: warning: escape sequence `\.' treated as plain `.'
Apr 24 11:37:09 worker-1 vip-sync.sh[75069]: awk: warning: escape sequence `\.' treated as plain `.'
Apr 24 11:37:39 worker-1 vip-sync.sh[75091]: awk: warning: escape sequence `\.' treated as plain `.'
Apr 24 11:38:09 worker-1 vip-sync.sh[75116]: awk: warning: escape sequence `\.' treated as plain `.'
Apr 24 11:38:39 worker-1 vip-sync.sh[75138]: awk: warning: escape sequence `\.' treated as plain `.'
Apr 24 11:39:09 worker-1 vip-sync.sh[75162]: awk: warning: escape sequence `\.' treated as plain `.'
Apr 24 11:39:39 worker-1 vip-sync.sh[75185]: awk: warning: escape sequence `\.' treated as plain `.'
Apr 24 11:40:09 worker-1 vip-sync.sh[75209]: awk: warning: escape sequence `\.' treated as plain `.'
Apr 24 11:40:39 worker-1 vip-sync.sh[75235]: awk: warning: escape sequence `\.' treated as plain `.'
Apr 24 11:41:09 worker-1 vip-sync.sh[75259]: awk: warning: escape sequence `\.' treated as plain `.'
Apr 24 11:41:39 worker-1 vip-sync.sh[75281]: awk: warning: escape sequence `\.' treated as plain `.'
Apr 24 11:42:09 worker-1 vip-sync.sh[75305]: awk: warning: escape sequence `\.' treated as plain `.'
Apr 24 11:42:39 worker-1 vip-sync.sh[75327]: awk: warning: escape sequence `\.' treated as plain `.'
Apr 24 11:43:09 worker-1 vip-sync.sh[75351]: awk: warning: escape sequence `\.' treated as plain `.'
Apr 24 11:43:40 worker-1 vip-sync.sh[75373]: awk: warning: escape sequence `\.' treated as plain `.'
Apr 24 11:44:10 worker-1 vip-sync.sh[75398]: awk: warning: escape sequence `\.' treated as plain `.'
Apr 24 11:44:40 worker-1 vip-sync.sh[75421]: awk: warning: escape sequence `\.' treated as plain `.'
Apr 24 11:45:10 worker-1 vip-sync.sh[75449]: awk: warning: escape sequence `\.' treated as plain `.'
Apr 24 11:45:40 worker-1 vip-sync.sh[75473]: awk: warning: escape sequence `\.' treated as plain `.'
Apr 24 11:46:10 worker-1 vip-sync.sh[75497]: awk: warning: escape sequence `\.' treated as plain `.'
Apr 24 11:46:40 worker-1 vip-sync.sh[75519]: awk: warning: escape sequence `\.' treated as plain `.'
Apr 24 11:47:10 worker-1 vip-sync.sh[75544]: awk: warning: escape sequence `\.' treated as plain `.'
Apr 24 11:47:40 worker-1 vip-sync.sh[75566]: awk: warning: escape sequence `\.' treated as plain `.'
Apr 24 11:48:10 worker-1 vip-sync.sh[75590]: awk: warning: escape sequence `\.' treated as plain `.'
Apr 24 11:48:40 worker-1 vip-sync.sh[75612]: awk: warning: escape sequence `\.' treated as plain `.'
Apr 24 11:49:11 worker-1 vip-sync.sh[75637]: awk: warning: escape sequence `\.' treated as plain `.'
Apr 24 11:49:41 worker-1 vip-sync.sh[75661]: awk: warning: escape sequence `\.' treated as plain `.'
Apr 24 11:50:11 worker-1 vip-sync.sh[75685]: awk: warning: escape sequence `\.' treated as plain `.'
Apr 24 11:50:41 worker-1 vip-sync.sh[75712]: awk: warning: escape sequence `\.' treated as plain `.'
Apr 24 11:51:11 worker-1 vip-sync.sh[75738]: awk: warning: escape sequence `\.' treated as plain `.'
Apr 24 11:51:41 worker-1 vip-sync.sh[75760]: awk: warning: escape sequence `\.' treated as plain `.'
Apr 24 11:52:11 worker-1 vip-sync.sh[75784]: awk: warning: escape sequence `\.' treated as plain `.'
Apr 24 11:52:41 worker-1 vip-sync.sh[75806]: awk: warning: escape sequence `\.' treated as plain `.'
Apr 24 11:53:11 worker-1 vip-sync.sh[75830]: awk: warning: escape sequence `\.' treated as plain `.'
Apr 24 11:53:41 worker-1 vip-sync.sh[75852]: awk: warning: escape sequence `\.' treated as plain `.'
Apr 24 11:54:11 worker-1 vip-sync.sh[75878]: awk: warning: escape sequence `\.' treated as plain `.'
Apr 24 11:54:42 worker-1 vip-sync.sh[75902]: awk: warning: escape sequence `\.' treated as plain `.'
Apr 24 11:55:12 worker-1 vip-sync.sh[75929]: awk: warning: escape sequence `\.' treated as plain `.'
Apr 24 11:55:42 worker-1 vip-sync.sh[75952]: awk: warning: escape sequence `\.' treated as plain `.'
Apr 24 11:56:12 worker-1 vip-sync.sh[75976]: awk: warning: escape sequence `\.' treated as plain `.'
Apr 24 11:56:42 worker-1 vip-sync.sh[75999]: awk: warning: escape sequence `\.' treated as plain `.'
Apr 24 11:57:12 worker-1 vip-sync.sh[76025]: awk: warning: escape sequence `\.' treated as plain `.'
Apr 24 11:57:42 worker-1 vip-sync.sh[76047]: awk: warning: escape sequence `\.' treated as plain `.'
Apr 24 11:58:12 worker-1 vip-sync.sh[76243]: awk: warning: escape sequence `\.' treated as plain `.'
Apr 24 11:58:42 worker-1 vip-sync.sh[76385]: awk: warning: escape sequence `\.' treated as plain `.'
Apr 24 11:59:12 worker-1 vip-sync.sh[76537]: awk: warning: escape sequence `\.' treated as plain `.'
Apr 24 11:59:42 worker-1 vip-sync.sh[76561]: awk: warning: escape sequence `\.' treated as plain `.'
Apr 24 12:00:12 worker-1 vip-sync.sh[76588]: awk: warning: escape sequence `\.' treated as plain `.'
Apr 24 12:00:43 worker-1 vip-sync.sh[76742]: awk: warning: escape sequence `\.' treated as plain `.'
Apr 24 12:01:13 worker-1 vip-sync.sh[76764]: awk: warning: escape sequence `\.' treated as plain `.'
Apr 24 12:01:43 worker-1 vip-sync.sh[76788]: awk: warning: escape sequence `\.' treated as plain `.'
